Archive member included to satisfy reference by file (symbol)

C:/ProgramData/MATLAB/SupportPackages/R2025a/3P.instrset/gnuarm-armcortex.instrset/win/bin/../lib/gcc/arm-none-eabi/13.2.1/thumb/v7e-m+fp/hard\libm.a(libm_a-w_fmod.o)
                              xcp_ext_common.c.o (fmod)
C:/ProgramData/MATLAB/SupportPackages/R2025a/3P.instrset/gnuarm-armcortex.instrset/win/bin/../lib/gcc/arm-none-eabi/13.2.1/thumb/v7e-m+fp/hard\libm.a(libm_a-e_fmod.o)
                              C:/ProgramData/MATLAB/SupportPackages/R2025a/3P.instrset/gnuarm-armcortex.instrset/win/bin/../lib/gcc/arm-none-eabi/13.2.1/thumb/v7e-m+fp/hard\libm.a(libm_a-w_fmod.o) (__ieee754_fmod)
C:/ProgramData/MATLAB/SupportPackages/R2025a/3P.instrset/gnuarm-armcortex.instrset/win/bin/../lib/gcc/arm-none-eabi/13.2.1/thumb/v7e-m+fp/hard\libgcc.a(_arm_muldf3.o)
                              Encoder_reader_simulink.c.o (__aeabi_dmul)
C:/ProgramData/MATLAB/SupportPackages/R2025a/3P.instrset/gnuarm-armcortex.instrset/win/bin/../lib/gcc/arm-none-eabi/13.2.1/thumb/v7e-m+fp/hard\libgcc.a(_arm_addsubdf3.o)
                              Encoder_reader_simulink.c.o (__aeabi_dsub)
C:/ProgramData/MATLAB/SupportPackages/R2025a/3P.instrset/gnuarm-armcortex.instrset/win/bin/../lib/gcc/arm-none-eabi/13.2.1/thumb/v7e-m+fp/hard\libgcc.a(_arm_muldivdf3.o)
                              Encoder_reader_simulink.c.o (__aeabi_ddiv)
C:/ProgramData/MATLAB/SupportPackages/R2025a/3P.instrset/gnuarm-armcortex.instrset/win/bin/../lib/gcc/arm-none-eabi/13.2.1/thumb/v7e-m+fp/hard\libgcc.a(_arm_cmpdf2.o)
                              xcp_ext_mode.c.o (__aeabi_dcmpeq)
C:/ProgramData/MATLAB/SupportPackages/R2025a/3P.instrset/gnuarm-armcortex.instrset/win/bin/../lib/gcc/arm-none-eabi/13.2.1/thumb/v7e-m+fp/hard\libgcc.a(_arm_unorddf2.o)
                              rt_nonfinite.c.o (__aeabi_dcmpun)
C:/ProgramData/MATLAB/SupportPackages/R2025a/3P.instrset/gnuarm-armcortex.instrset/win/bin/../lib/gcc/arm-none-eabi/13.2.1/thumb/v7e-m+fp/hard\libgcc.a(_arm_fixunsdfsi.o)
                              xcp_ext_common.c.o (__aeabi_d2uiz)
C:/ProgramData/MATLAB/SupportPackages/R2025a/3P.instrset/gnuarm-armcortex.instrset/win/bin/../lib/gcc/arm-none-eabi/13.2.1/thumb/v7e-m+fp/hard\libgcc.a(_aeabi_uldivmod.o)
                              stm32g4xx_ll_lpuart.c.o (__aeabi_uldivmod)
C:/ProgramData/MATLAB/SupportPackages/R2025a/3P.instrset/gnuarm-armcortex.instrset/win/bin/../lib/gcc/arm-none-eabi/13.2.1/thumb/v7e-m+fp/hard\libgcc.a(_udivmoddi4.o)
                              C:/ProgramData/MATLAB/SupportPackages/R2025a/3P.instrset/gnuarm-armcortex.instrset/win/bin/../lib/gcc/arm-none-eabi/13.2.1/thumb/v7e-m+fp/hard\libgcc.a(_aeabi_uldivmod.o) (__udivmoddi4)
C:/ProgramData/MATLAB/SupportPackages/R2025a/3P.instrset/gnuarm-armcortex.instrset/win/bin/../lib/gcc/arm-none-eabi/13.2.1/thumb/v7e-m+fp/hard\libgcc.a(_dvmd_tls.o)
                              C:/ProgramData/MATLAB/SupportPackages/R2025a/3P.instrset/gnuarm-armcortex.instrset/win/bin/../lib/gcc/arm-none-eabi/13.2.1/thumb/v7e-m+fp/hard\libgcc.a(_aeabi_uldivmod.o) (__aeabi_ldiv0)
C:/ProgramData/MATLAB/SupportPackages/R2025a/3P.instrset/gnuarm-armcortex.instrset/win/bin/../lib/gcc/arm-none-eabi/13.2.1/thumb/v7e-m+fp/hard\libg_nano.a(libc_a-exit.o)
                              C:/ProgramData/MATLAB/SupportPackages/R2025a/3P.instrset/gnuarm-armcortex.instrset/win/bin/../lib/gcc/arm-none-eabi/13.2.1/thumb/v7e-m+fp/hard/crt0.o (exit)
C:/ProgramData/MATLAB/SupportPackages/R2025a/3P.instrset/gnuarm-armcortex.instrset/win/bin/../lib/gcc/arm-none-eabi/13.2.1/thumb/v7e-m+fp/hard\libg_nano.a(libc_a-findfp.o)
                              C:/ProgramData/MATLAB/SupportPackages/R2025a/3P.instrset/gnuarm-armcortex.instrset/win/bin/../lib/gcc/arm-none-eabi/13.2.1/thumb/v7e-m+fp/hard\libg_nano.a(libc_a-exit.o) (__stdio_exit_handler)
C:/ProgramData/MATLAB/SupportPackages/R2025a/3P.instrset/gnuarm-armcortex.instrset/win/bin/../lib/gcc/arm-none-eabi/13.2.1/thumb/v7e-m+fp/hard\libg_nano.a(libc_a-fwalk.o)
                              C:/ProgramData/MATLAB/SupportPackages/R2025a/3P.instrset/gnuarm-armcortex.instrset/win/bin/../lib/gcc/arm-none-eabi/13.2.1/thumb/v7e-m+fp/hard\libg_nano.a(libc_a-findfp.o) (_fwalk_sglue)
C:/ProgramData/MATLAB/SupportPackages/R2025a/3P.instrset/gnuarm-armcortex.instrset/win/bin/../lib/gcc/arm-none-eabi/13.2.1/thumb/v7e-m+fp/hard\libg_nano.a(libc_a-stdio.o)
                              C:/ProgramData/MATLAB/SupportPackages/R2025a/3P.instrset/gnuarm-armcortex.instrset/win/bin/../lib/gcc/arm-none-eabi/13.2.1/thumb/v7e-m+fp/hard\libg_nano.a(libc_a-findfp.o) (__sread)
C:/ProgramData/MATLAB/SupportPackages/R2025a/3P.instrset/gnuarm-armcortex.instrset/win/bin/../lib/gcc/arm-none-eabi/13.2.1/thumb/v7e-m+fp/hard\libg_nano.a(libc_a-memset.o)
                              C:/ProgramData/MATLAB/SupportPackages/R2025a/3P.instrset/gnuarm-armcortex.instrset/win/bin/../lib/gcc/arm-none-eabi/13.2.1/thumb/v7e-m+fp/hard/crt0.o (memset)
[...]
Memory Configuration

Name             Origin             Length             Attributes
RAM              0x20000000         0x00020000         xrw
FLASH            0x08000000         0x00080000         xr
*default*        0x00000000         0xffffffff

Linker script and memory map

LOAD C:/ProgramData/MATLAB/SupportPackages/R2025a/3P.instrset/gnuarm-armcortex.instrset/win/bin/../lib/gcc/arm-none-eabi/13.2.1/thumb/v7e-m+fp/hard/crti.o
LOAD C:/ProgramData/MATLAB/SupportPackages/R2025a/3P.instrset/gnuarm-armcortex.instrset/win/bin/../lib/gcc/arm-none-eabi/13.2.1/thumb/v7e-m+fp/hard/crtbegin.o
LOAD C:/ProgramData/MATLAB/SupportPackages/R2025a/3P.instrset/gnuarm-armcortex.instrset/win/bin/../lib/gcc/arm-none-eabi/13.2.1/thumb/v7e-m+fp/hard/crt0.o
LOAD xcp_ext_mode.c.o
LOAD Encoder_reader_simulink.c.o
LOAD ert_main.c.o
LOAD rtGetInf.c.o
LOAD rt_nonfinite.c.o
LOAD xcp_ext_common.c.o
LOAD xcp_ext_classic_trigger.c.o
LOAD xcp.c.o
LOAD xcp_standard.c.o
LOAD xcp_daq.c.o
LOAD xcp_calibration.c.o
LOAD xcp_fifo.c.o
LOAD xcp_transport.c.o
LOAD xcp_mem_default.c.o
LOAD xcp_drv_rtiostream.c.o
LOAD xcp_utils.c.o
LOAD xcp_frame_serial.c.o
LOAD xcp_ext_param_default_serial.c.o
LOAD overrideHALDelay.c.o
LOAD platform_timer.c.o
LOAD SysTickScheduler.c.o
LOAD m3m4m4f_multitasking.c.o
LOAD rtiostream_serial.c.o
LOAD stm_usart.c.o
LOAD stm_lpuart.c.o
LOAD sys_arch_arm.c.o
LOAD main.c.o
LOAD stm32g4xx_it.c.o
LOAD stm32g4xx_hal_msp.c.o
LOAD stm32g4xx_hal_timebase_tim.c.o
LOAD stm32g4xx_ll_utils.c.o
LOAD stm32g4xx_ll_exti.c.o
LOAD stm32g4xx_hal_tim.c.o
LOAD stm32g4xx_hal_tim_ex.c.o
LOAD stm32g4xx_ll_gpio.c.o
LOAD stm32g4xx_ll_dma.c.o
LOAD stm32g4xx_ll_lpuart.c.o
LOAD stm32g4xx_ll_rcc.c.o
LOAD stm32g4xx_ll_pwr.c.o
LOAD stm32g4xx_hal.c.o
LOAD stm32g4xx_hal_rcc.c.o
LOAD stm32g4xx_hal_rcc_ex.c.o
LOAD stm32g4xx_hal_flash.c.o
LOAD stm32g4xx_hal_flash_ex.c.o
LOAD stm32g4xx_hal_flash_ramfunc.c.o
LOAD stm32g4xx_hal_gpio.c.o
LOAD stm32g4xx_hal_exti.c.o
LOAD stm32g4xx_hal_dma.c.o
LOAD stm32g4xx_hal_dma_ex.c.o
LOAD stm32g4xx_hal_pwr.c.o
LOAD stm32g4xx_hal_pwr_ex.c.o
LOAD stm32g4xx_hal_cortex.c.o
LOAD stm32g4xx_ll_tim.c.o
LOAD system_stm32g4xx.c.o
LOAD syscalls.c.o
LOAD sysmem.c.o
LOAD startup_stm32g474retx.s.o
LOAD stm_timer_ll.c.o
LOAD C:/ProgramData/MATLAB/SupportPackages/R2025a/3P.instrset/cmsis_dsp.instrset/Lib/GCC/arm_cortexm4ldfsp_math/libCMSISDSP.a
LOAD C:/ProgramData/MATLAB/SupportPackages/R2025a/toolbox/shared/supportpackages/stm32/lib/GCC/libmw_pdmfilter_m4_spfp.lib
LOAD C:/ProgramData/MATLAB/SupportPackages/R2025a/3P.instrset/gnuarm-armcortex.instrset/win/bin/../lib/gcc/arm-none-eabi/13.2.1/thumb/v7e-m+fp/hard\libstdc++_nano.a
LOAD C:/ProgramData/MATLAB/SupportPackages/R2025a/3P.instrset/gnuarm-armcortex.instrset/win/bin/../lib/gcc/arm-none-eabi/13.2.1/thumb/v7e-m+fp/hard\libm.a
START GROUP
LOAD C:/ProgramData/MATLAB/SupportPackages/R2025a/3P.instrset/gnuarm-armcortex.instrset/win/bin/../lib/gcc/arm-none-eabi/13.2.1/thumb/v7e-m+fp/hard\libgcc.a
LOAD C:/ProgramData/MATLAB/SupportPackages/R2025a/3P.instrset/gnuarm-armcortex.instrset/win/bin/../lib/gcc/arm-none-eabi/13.2.1/thumb/v7e-m+fp/hard\libg_nano.a
LOAD C:/ProgramData/MATLAB/SupportPackages/R2025a/3P.instrset/gnuarm-armcortex.instrset/win/bin/../lib/gcc/arm-none-eabi/13.2.1/thumb/v7e-m+fp/hard\libc_nano.a
END GROUP
START GROUP
LOAD C:/ProgramData/MATLAB/SupportPackages/R2025a/3P.instrset/gnuarm-armcortex.instrset/win/bin/../lib/gcc/arm-none-eabi/13.2.1/thumb/v7e-m+fp/hard\libgcc.a
LOAD C:/ProgramData/MATLAB/SupportPackages/R2025a/3P.instrset/gnuarm-armcortex.instrset/win/bin/../lib/gcc/arm-none-eabi/13.2.1/thumb/v7e-m+fp/hard\libc_nano.a
LOAD C:/ProgramData/MATLAB/SupportPackages/R2025a/3P.instrset/gnuarm-armcortex.instrset/win/bin/../lib/gcc/arm-none-eabi/13.2.1/thumb/v7e-m+fp/hard\libnosys.a
END GROUP
START GROUP
LOAD C:/ProgramData/MATLAB/SupportPackages/R2025a/3P.instrset/gnuarm-armcortex.instrset/win/bin/../lib/gcc/arm-none-eabi/13.2.1/thumb/v7e-m+fp/hard\libgcc.a
LOAD C:/ProgramData/MATLAB/SupportPackages/R2025a/3P.instrset/gnuarm-armcortex.instrset/win/bin/../lib/gcc/arm-none-eabi/13.2.1/thumb/v7e-m+fp/hard\libc_nano.a
LOAD C:/ProgramData/MATLAB/SupportPackages/R2025a/3P.instrset/gnuarm-armcortex.instrset/win/bin/../lib/gcc/arm-none-eabi/13.2.1/thumb/v7e-m+fp/hard\libnosys.a
END GROUP
LOAD C:/ProgramData/MATLAB/SupportPackages/R2025a/3P.instrset/gnuarm-armcortex.instrset/win/bin/../lib/gcc/arm-none-eabi/13.2.1/thumb/v7e-m+fp/hard/crtend.o
LOAD C:/ProgramData/MATLAB/SupportPackages/R2025a/3P.instrset/gnuarm-armcortex.instrset/win/bin/../lib/gcc/arm-none-eabi/13.2.1/thumb/v7e-m+fp/hard/crtn.o
                0x20020000                        _estack = (ORIGIN (RAM) + LENGTH (RAM))
                0x00000200                        _Min_Heap_Size = 0x200
                0x00000400                        _Min_Stack_Size = 0x400

.isr_vector     0x08000000      0x1d8
                0x08000000                        . = ALIGN (0x4)
 *(.isr_vector)
 .isr_vector    0x08000000      0x1d8 startup_stm32g474retx.s.o
                0x08000000                g_pfnVectors
                0x080001d8                        . = ALIGN (0x4)

.text           0x080001d8     0xcd98
                0x080001d8                        . = ALIGN (0x4)
 *(.text)
 .text          0x080001d8      0x378 C:/ProgramData/MATLAB/SupportPackages/R2025a/3P.instrset/gnuarm-armcortex.instrset/win/bin/../lib/gcc/arm-none-eabi/13.2.1/thumb/v7e-m+fp/hard\libgcc.a(_arm_addsubdf3.o)
                0x080001d8                __aeabi_drsub
                0x080001e0                __aeabi_dsub
                0x080001e0                __subdf3
                0x080001e4                __aeabi_dadd
                0x080001e4                __adddf3
                0x0800045c                __floatunsidf
                0x0800045c                __aeabi_ui2d
                0x0800047c                __floatsidf
                0x0800047c                __aeabi_i2d
                0x080004a0                __aeabi_f2d
                0x080004a0                __extendsfdf2
                0x080004e4                __floatundidf
                0x080004e4                __aeabi_ul2d
                0x080004f4                __floatdidf
                0x080004f4                __aeabi_l2d
 .text          0x08000550      0x424 C:/ProgramData/MATLAB/SupportPackages/R2025a/3P.instrset/gnuarm-armcortex.instrset/win/bin/../lib/gcc/arm-none-eabi/13.2.1/thumb/v7e-m+fp/hard\libgcc.a(_arm_muldivdf3.o)
                0x08000550                __aeabi_dmul
                0x08000550                __muldf3
                0x080007a4                __divdf3
                0x080007a4                __aeabi_ddiv
 .text          0x08000974      0x110 C:/ProgramData/MATLAB/SupportPackages/R2025a/3P.instrset/gnuarm-armcortex.instrset/win/bin/../lib/gcc/arm-none-eabi/13.2.1/thumb/v7e-m+fp/hard\libgcc.a(_arm_cmpdf2.o)
                0x08000974                __gtdf2
                0x08000974                __gedf2
                0x0800097c                __ltdf2
                0x0800097c                __ledf2
                0x08000984                __nedf2
                0x08000984                __eqdf2
                0x08000984                __cmpdf2
                0x08000a00                __aeabi_cdrcmple
                0x08000a10                __aeabi_cdcmpeq
                0x08000a10                __aeabi_cdcmple
                0x08000a20                __aeabi_dcmpeq
                0x08000a34                __aeabi_dcmplt
                0x08000a48                __aeabi_dcmple
                0x08000a5c                __aeabi_dcmpge
                0x08000a70                __aeabi_dcmpgt
 .text          0x08000a84       0x2c C:/ProgramData/MATLAB/SupportPackages/R2025a/3P.instrset/gnuarm-armcortex.instrset/win/bin/../lib/gcc/arm-none-eabi/13.2.1/thumb/v7e-m+fp/hard\libgcc.a(_arm_unorddf2.o)
                0x08000a84                __unorddf2
                0x08000a84                __aeabi_dcmpun
 .text          0x08000ab0       0x40 C:/ProgramData/MATLAB/SupportPackages/R2025a/3P.instrset/gnuarm-armcortex.instrset/win/bin/../lib/gcc/arm-none-eabi/13.2.1/thumb/v7e-m+fp/hard\libgcc.a(_arm_fixunsdfsi.o)
                0x08000ab0                __aeabi_d2uiz
                0x08000ab0                __fixunsdfsi
 .text          0x08000af0       0x30 C:/ProgramData/MATLAB/SupportPackages/R2025a/3P.instrset/gnuarm-armcortex.instrset/win/bin/../lib/gcc/arm-none-eabi/13.2.1/thumb/v7e-m+fp/hard\libgcc.a(_aeabi_uldivmod.o)
                0x08000af0                __aeabi_uldivmod
 .text          0x08000b20        0x4 C:/ProgramData/MATLAB/SupportPackages/R2025a/3P.instrset/gnuarm-armcortex.instrset/win/bin/../lib/gcc/arm-none-eabi/13.2.1/thumb/v7e-m+fp/hard\libgcc.a(_dvmd_tls.o)
                0x08000b20                __aeabi_idiv0
                0x08000b20                __aeabi_ldiv0
 *(.text*)
 .text.deregister_tm_clones
                0x08000b24       0x1c C:/ProgramData/MATLAB/SupportPackages/R2025a/3P.instrset/gnuarm-armcortex.instrset/win/bin/../lib/gcc/arm-none-eabi/13.2.1/thumb/v7e-m+fp/hard/crtbegin.o
 .text.register_tm_clones
                0x08000b40       0x24 C:/ProgramData/MATLAB/SupportPackages/R2025a/3P.instrset/gnuarm-armcortex.instrset/win/bin/../lib/gcc/arm-none-eabi/13.2.1/thumb/v7e-m+fp/hard/crtbegin.o
 .text.__do_global_dtors_aux
                0x08000b64       0x28 C:/ProgramData/MATLAB/SupportPackages/R2025a/3P.instrset/gnuarm-armcortex.instrset/win/bin/../lib/gcc/arm-none-eabi/13.2.1/thumb/v7e-m+fp/hard/crtbegin.o
 .text.frame_dummy
                0x08000b8c       0x24 C:/ProgramData/MATLAB/SupportPackages/R2025a/3P.instrset/gnuarm-armcortex.instrset/win/bin/../lib/gcc/arm-none-eabi/13.2.1/thumb/v7e-m+fp/hard/crtbegin.o
 .text.extmodeParseArgs
                0x08000bb0       0x1e xcp_ext_mode.c.o
                0x08000bb0                extmodeParseArgs
 *fill*         0x08000bce        0x2 
 .text.extmodeInit
                0x08000bd0      0x128 xcp_ext_mode.c.o
                0x08000bd0                extmodeInit
 .text.extmodeWaitForHostRequest
                0x08000cf8       0xcc xcp_ext_mode.c.o
                0x08000cf8                extmodeWaitForHostRequest
 .text.extmodeEvent
                0x08000dc4       0xfc xcp_ext_mode.c.o
                0x08000dc4                extmodeEvent
 .text.extmodeBackgroundRun
                0x08000ec0       0x20 xcp_ext_mode.c.o
                0x08000ec0                extmodeBackgroundRun
 .text.extmodeReset
                0x08000ee0       0x40 xcp_ext_mode.c.o
                0x08000ee0                extmodeReset
 .text.extmodeStopRequested
                0x08000f20       0x18 xcp_ext_mode.c.o
                0x08000f20                extmodeStopRequested
 .text.extmodeSimulationComplete
                0x08000f38       0x18 xcp_ext_mode.c.o
                0x08000f38                extmodeSimulationComplete
 .text.LL_TIM_EnableCounter
                0x08000f50       0x20 Encoder_reader_simulink.c.o
 .text.LL_TIM_DisableCounter
                0x08000f70       0x20 Encoder_reader_simulink.c.o
 .text.LL_TIM_SetUpdateSource
                0x08000f90       0x26 Encoder_reader_simulink.c.o
 .text.LL_TIM_GetUpdateSource
                0x08000fb6       0x1c Encoder_reader_simulink.c.o
 .text.LL_TIM_SetRepetitionCounter
                0x08000fd2       0x1c Encoder_reader_simulink.c.o
 .text.LL_TIM_GenerateEvent_UPDATE
                0x08000fee       0x20 Encoder_reader_simulink.c.o
 *fill*         0x0800100e        0x2 
 .text.isSlaveTriggerModeEnabled
                0x08001010       0x30 Encoder_reader_simulink.c.o
 .text.enableCounter
                0x08001040      0x118 Encoder_reader_simulink.c.o
 .text.disableCounter
                0x08001158       0x1a Encoder_reader_simulink.c.o
 *fill*         0x08001172        0x2 
 .text.Encoder_reader_SystemCore_setup
                0x08001174       0x94 Encoder_reader_simulink.c.o
 .text.Encoder_reader_simulink_step
                0x08001208      0x824 Encoder_reader_simulink.c.o
                0x08001208                Encoder_reader_simulink_step
 *fill*         0x08001a2c        0x4 
 .text.Encoder_reader_simulink_initialize
                0x08001a30      0x188 Encoder_reader_simulink.c.o
                0x08001a30                Encoder_reader_simulink_initialize
 .text.Encoder_reader_simulink_terminate
                0x08001bb8       0x68 Encoder_reader_simulink.c.o
                0x08001bb8                Encoder_reader_simulink_terminate
 .text.rt_OneStep
                0x08001c20       0x4c ert_main.c.o
                0x08001c20                rt_OneStep
 .text.main     0x08001c6c      0x188 ert_main.c.o
                0x08001c6c                main
 .text.xcp_void_printf
                0x08001df4       0x12 xcp_ext_common.c.o
                0x08001df4                xcp_void_printf
 .text.xcpCopyTimeValue
                0x08001e06       0x26 xcp_ext_common.c.o
 *fill*         0x08001e2c        0x4 
 .text.xcpExtModeUpdateTime
                0x08001e30      0x13c xcp_ext_common.c.o
                0x08001e30                xcpExtModeUpdateTime
 .text.xcpExtModeInit
                0x08001f6c       0xb0 xcp_ext_common.c.o
                0x08001f6c                xcpExtModeInit
 .text.xcpExtModeRunBackground
                0x0800201c      0x13c xcp_ext_common.c.o
                0x0800201c                xcpExtModeRunBackground
 .text.xcpExtModeReset
                0x08002158      0x128 xcp_ext_common.c.o
                0x08002158                xcpExtModeReset
 .text.sampleSignalTrigger
                0x08002280      0x1b4 xcp_ext_classic_trigger.c.o
 .text.updateTriggerStatus
                0x08002434      0x2b8 xcp_ext_classic_trigger.c.o
 .text.xcpExtModeClassicTriggerInit
                0x080026ec       0x68 xcp_ext_classic_trigger.c.o
                0x080026ec                xcpExtModeClassicTriggerInit
 .text.xcpExtModeClassicTriggerEnabled
                0x08002754      0x100 xcp_ext_classic_trigger.c.o
                0x08002754                xcpExtModeClassicTriggerEnabled
 .text.xcpExtModeClassicTriggerReset
                0x08002854       0xf4 xcp_ext_classic_trigger.c.o
                0x08002854                xcpExtModeClassicTriggerReset
 .text.xcpExtModeClassicTriggerForceEnableStatusUpdate
                0x08002948       0x78 xcp_ext_classic_trigger.c.o
                0x08002948                xcpExtModeClassicTriggerForceEnableStatusUpdate
 .text.msgBufferRealloc
                0x080029c0       0x72 xcp.c.o
 *fill*         0x08002a32        0x2 
 .text.discardInputPacketHandler
                0x08002a34       0x3c xcp.c.o
 .text.unknownInputPacketHandler
                0x08002a70       0x34 xcp.c.o
 .text.xcpGetPacketGroupID
                0x08002aa4       0x74 xcp.c.o
 .text.xcpGetPacketHandlers
                0x08002b18      0x124 xcp.c.o
 .text.xcpStatusSet
                0x08002c3c       0x20 xcp.c.o
                0x08002c3c                xcpStatusSet
 .text.xcpSessionStatusGet
                0x08002c5c       0x18 xcp.c.o
                0x08002c5c                xcpSessionStatusGet
 .text.xcpSessionStatusSetMask
                0x08002c74       0x28 xcp.c.o
                0x08002c74                xcpSessionStatusSetMask
 .text.xcpSessionStatusClearMask
                0x08002c9c       0x34 xcp.c.o
                0x08002c9c                xcpSessionStatusClearMask
 .text.xcpResourceProtectionStatusGet
                0x08002cd0       0x18 xcp.c.o
                0x08002cd0                xcpResourceProtectionStatusGet
 .text.xcpSessionConfigurationIdGet
                0x08002ce8       0x18 xcp.c.o
                0x08002ce8                xcpSessionConfigurationIdGet
 .text.genericOutputPacketHandler
                0x08002d00      0x11c xcp.c.o
                0x08002d00                genericOutputPacketHandler
 .text.xcpFindPacket
                0x08002e1c       0x6e xcp.c.o
                0x08002e1c                xcpFindPacket
 *fill*         0x08002e8a        0x2 
 .text.xcpInit  0x08002e8c       0x64 xcp.c.o
                0x08002e8c                xcpInit
 .text.xcpRun   0x08002ef0      0x194 xcp.c.o
                0x08002ef0                xcpRun
 .text.xcpEvent
                0x08003084       0x50 xcp.c.o
                0x08003084                xcpEvent
 .text.xcpGetStatus
                0x080030d4       0x18 xcp.c.o
                0x080030d4                xcpGetStatus
 .text.xcpReset
                0x080030ec       0x40 xcp.c.o
                0x080030ec                xcpReset
 .text.xcpPackedModeEventsFlush
                0x0800312c       0x1e xcp.c.o
                0x0800312c                xcpPackedModeEventsFlush
 .text.xcpPackedModeEventReset
                0x0800314a       0x2a xcp.c.o
                0x0800314a                xcpPackedModeEventReset
 .text.isValidUploadSize
                0x08003174       0x30 xcp_standard.c.o
 .text.xcpMemcpyFromMTA
                0x080031a4       0x38 xcp_standard.c.o
 .text.connectInputPacketHandler
                0x080031dc       0xa4 xcp_standard.c.o
 .text.connectOutputPacketHandler
                0x08003280       0xd4 xcp_standard.c.o
 .text.disconnectInputPacketHandler
                0x08003354       0x54 xcp_standard.c.o
 .text.getStatusInputPacketHandler
                0x080033a8       0x28 xcp_standard.c.o
 .text.getStatusOutputPacketHandler
                0x080033d0       0x80 xcp_standard.c.o
 .text.synchInputPacketHandler
                0x08003450       0x44 xcp_standard.c.o
 .text.setMTAInputPacketHandler
                0x08003494       0x78 xcp_standard.c.o
 .text.uploadInputPacketHandler
                0x0800350c       0x98 xcp_standard.c.o
 .text.uploadOutputPacketHandler
                0x080035a4       0x9c xcp_standard.c.o
 .text.shortUploadInputPacketHandler
                0x08003640       0xa4 xcp_standard.c.o
 .text.shortUploadOutputPacketHandler
                0x080036e4       0x9c xcp_standard.c.o
 .text.getPacket
                0x08003780       0x24 xcp_standard.c.o
 .text.xcpStandardInit
                0x080037a4       0x18 xcp_standard.c.o
                0x080037a4                xcpStandardInit
 .text.xcpStandardGetPacketLookup
                0x080037bc       0x18 xcp_standard.c.o
                0x080037bc                xcpStandardGetPacketLookup
 .text.xcpStandardSetPacketLookup
                0x080037d4       0x20 xcp_standard.c.o
                0x080037d4                xcpStandardSetPacketLookup
 .text.xcpStandardReset
                0x080037f4       0x12 xcp_standard.c.o
                0x080037f4                xcpStandardReset
 *fill*         0x08003806        0x2 
 .text.xcpStandardGetAddressFromMta
                0x08003808       0x18 xcp_standard.c.o
                0x08003808                xcpStandardGetAddressFromMta
 .text.xcpStandardSetMta
                0x08003820       0x3c xcp_standard.c.o
                0x08003820                xcpStandardSetMta
 .text.xcpStandardIncrementMta
                0x0800385c       0x28 xcp_standard.c.o
                0x0800385c                xcpStandardIncrementMta
 .text.xcpStandardExtendedInit
                0x08003884        0xe xcp_standard.c.o
                0x08003884                xcpStandardExtendedInit
 .text.xcpStandardExtendedReset
                0x08003892        0xe xcp_standard.c.o
                0x08003892                xcpStandardExtendedReset
 .text.xcpDaqWriteLock
                0x080038a0       0x4c xcp_daq.c.o
 .text.xcpDaqWriteUnlock
                0x080038ec       0x20 xcp_daq.c.o
 .text.xcpDaqReadLock
                0x0800390c       0x38 xcp_daq.c.o
 .text.xcpDaqReadUnlock
                0x08003944       0x38 xcp_daq.c.o
 .text.isActiveDaqList
                0x0800397c       0x50 xcp_daq.c.o
 .text.noActiveDaqLists
                0x080039cc       0x50 xcp_daq.c.o
 .text.isValidDaqPtr
                0x08003a1c       0xb8 xcp_daq.c.o
 .text.isValidDaqEntry
                0x08003ad4       0x36 xcp_daq.c.o
 .text.isSupportedDaqListMode
                0x08003b0a       0x26 xcp_daq.c.o
 .text.isValidStartStopMode
                0x08003b30       0x32 xcp_daq.c.o
 .text.isValidStartStopSynchMode
                0x08003b62       0x32 xcp_daq.c.o
 .text.absoluteOdtNumberIdentification
                0x08003b94       0x10 xcp_daq.c.o
 .text.isDaqPackedModeEnabled
                0x08003ba4       0x6c xcp_daq.c.o
 .text.odtPacketSize
                0x08003c10       0x54 xcp_daq.c.o
 .text.createDaqReservedPool
                0x08003c64       0x88 xcp_daq.c.o
 .text.destroyDaqReservedPool
                0x08003cec       0x2c xcp_daq.c.o
 .text.setDaqPtrInputPacketHandler
                0x08003d18       0xdc xcp_daq.c.o
 .text.writeDaqInputPacketHandler
                0x08003df4      0x198 xcp_daq.c.o
 .text.setDaqListModeInputPacketHandler
                0x08003f8c      0x1c8 xcp_daq.c.o
 .text.startStopDaqListInputPacketHandler
                0x08004154      0x3f4 xcp_daq.c.o
 .text.startStopDaqListOutputPacketHandler
                0x08004548       0x5c xcp_daq.c.o
 .text.startStopSynchInputPacketHandler
                0x080045a4      0x328 xcp_daq.c.o
 .text.getDaqProcessorInfoInputPacketHandler
                0x080048cc       0x28 xcp_daq.c.o
 .text.getDaqProcessorInfoOutputPacketHandler
                0x080048f4       0xac xcp_daq.c.o
 .text.getDaqResolutionInfoInputPacketHandler
                0x080049a0       0x28 xcp_daq.c.o
 .text.getDaqResolutionInfoOutputPacketHandler
                0x080049c8       0xb8 xcp_daq.c.o
 .text.freeDaqInputPacketHandler
                0x08004a80       0x5c xcp_daq.c.o
 .text.allocDaqInputPacketHandler
                0x08004adc      0x18c xcp_daq.c.o
 .text.allocOdtInputPacketHandler
                0x08004c68      0x1c0 xcp_daq.c.o
 .text.allocOdtEntryInputPacketHandler
                0x08004e28      0x270 xcp_daq.c.o
 .text.getDaqClockInputPacketHandler
                0x08005098       0x22 xcp_daq.c.o
 *fill*         0x080050ba        0x2 
 .text.setDaqPackedModeInputPacketHandler
                0x080050bc      0x21c xcp_daq.c.o
 .text.level1CommandInputPacketHandler
                0x080052d8       0x64 xcp_daq.c.o
 .text.getPacket
                0x0800533c       0x24 xcp_daq.c.o
 .text.xcpDaqInit
                0x08005360       0x38 xcp_daq.c.o
                0x08005360                xcpDaqInit
 .text.xcpDaqGetPacketLookup
                0x08005398       0x18 xcp_daq.c.o
                0x08005398                xcpDaqGetPacketLookup
 .text.xcpDaqSetPacketLookup
                0x080053b0       0x20 xcp_daq.c.o
                0x080053b0                xcpDaqSetPacketLookup
 .text.xcpResetDaq
                0x080053d0       0xa4 xcp_daq.c.o
 .text.daqWriteXCPDataForOdt
                0x08005474       0x7c xcp_daq.c.o
 .text.odtWriteEntries
                0x080054f0       0x9c xcp_daq.c.o
 .text.xcpProcessDaq
                0x0800558c      0x208 xcp_daq.c.o
 .text.xcpDaqEvent
                0x08005794      0x108 xcp_daq.c.o
                0x08005794                xcpDaqEvent
 .text.xcpDaqEventsFlush
                0x0800589c      0x284 xcp_daq.c.o
                0x0800589c                xcpDaqEventsFlush
 .text.xcpDaqLock
                0x08005b20       0x1e xcp_daq.c.o
                0x08005b20                xcpDaqLock
 .text.xcpDaqUnlock
                0x08005b3e        0xe xcp_daq.c.o
                0x08005b3e                xcpDaqUnlock
 .text.xcpResetDaqListStatus
                0x08005b4c      0x19c xcp_daq.c.o
                0x08005b4c                xcpResetDaqListStatus
 .text.xcpDaqReset
                0x08005ce8       0x20 xcp_daq.c.o
                0x08005ce8                xcpDaqReset
 .text.xcpDaqExtendedInit
                0x08005d08        0xe xcp_daq.c.o
                0x08005d08                xcpDaqExtendedInit
 .text.xcpDaqExtendedReset
                0x08005d16        0xe xcp_daq.c.o
                0x08005d16                xcpDaqExtendedReset
 .text.isValidShortDownloadSize
                0x08005d24       0x34 xcp_calibration.c.o
 .text.isValidDownloadSize
                0x08005d58       0x3a xcp_calibration.c.o
 *fill*         0x08005d92        0x2 
 .text.xcpMemcpyToMTA
                0x08005d94       0x34 xcp_calibration.c.o
 .text.downloadInputPacketHandler
                0x08005dc8       0xb0 xcp_calibration.c.o
 .text.shortDownloadInputPacketHandler
                0x08005e78       0xb8 xcp_calibration.c.o
 .text.getPacket
                0x08005f30       0x24 xcp_calibration.c.o
 .text.xcpCalibrationInit
                0x08005f54       0x14 xcp_calibration.c.o
                0x08005f54                xcpCalibrationInit
 .text.xcpCalibrationGetPacketLookup
                0x08005f68       0x18 xcp_calibration.c.o
                0x08005f68                xcpCalibrationGetPacketLookup
 .text.xcpCalibrationSetPacketLookup
                0x08005f80       0x20 xcp_calibration.c.o
                0x08005f80                xcpCalibrationSetPacketLookup
 .text.xcpCalibrationReset
                0x08005fa0        0xe xcp_calibration.c.o
                0x08005fa0                xcpCalibrationReset
 .text.xcpFifoInit
                0x08005fae       0x20 xcp_fifo.c.o
                0x08005fae                xcpFifoInit
 .text.xcpFifoEnqueue
                0x08005fce       0x2a xcp_fifo.c.o
                0x08005fce                xcpFifoEnqueue
 .text.xcpFifoDequeue
                0x08005ff8       0x3e xcp_fifo.c.o
                0x08005ff8                xcpFifoDequeue
 .text.xcpFifoEnqueueHead
                0x08006036       0x32 xcp_fifo.c.o
                0x08006036                xcpFifoEnqueueHead
 .text.xcpFifoReset
                0x08006068       0x16 xcp_fifo.c.o
                0x08006068                xcpFifoReset
 *fill*         0x0800607e        0x2 
 .text.xcpTransportEmptyTxFifo
                0x08006080       0x6c xcp_transport.c.o
 .text.xcpTransportEmptyRxFifo
                0x080060ec       0x6c xcp_transport.c.o
 .text.xcpTransportInit
                0x08006158      0x138 xcp_transport.c.o
                0x08006158                xcpTransportInit
 .text.xcpTransportTxReady
                0x08006290       0x1a xcp_transport.c.o
                0x08006290                xcpTransportTxReady
 .text.xcpTransportTxTrigger
                0x080062aa       0x1a xcp_transport.c.o
                0x080062aa                xcpTransportTxTrigger
 .text.xcpTransportTxPacketSet
                0x080062c4      0x144 xcp_transport.c.o
                0x080062c4                xcpTransportTxPacketSet
 .text.xcpTransportTx
                0x08006408       0xec xcp_transport.c.o
                0x08006408                xcpTransportTx
 .text.xcpTransportRx
                0x080064f4       0x80 xcp_transport.c.o
                0x080064f4                xcpTransportRx
 .text.xcpTransportRxPacketGet
                0x08006574      0x12c xcp_transport.c.o
                0x08006574                xcpTransportRxPacketGet
 .text.xcpTransportPacketOffset
                0x080066a0       0x20 xcp_transport.c.o
                0x080066a0                xcpTransportPacketOffset
 .text.xcpTransportMsgBufferSize
                0x080066c0       0x70 xcp_transport.c.o
                0x080066c0                xcpTransportMsgBufferSize
 .text.xcpTransportMaxDtoSize
                0x08006730        0xe xcp_transport.c.o
                0x08006730                xcpTransportMaxDtoSize
 .text.xcpTransportMaxCtoSize
                0x0800673e        0xe xcp_transport.c.o
                0x0800673e                xcpTransportMaxCtoSize
 .text.xcpTransportRestart
                0x0800674c       0x44 xcp_transport.c.o
                0x0800674c                xcpTransportRestart
 .text.xcpTransportResynch
                0x08006790       0x40 xcp_transport.c.o
                0x08006790                xcpTransportResynch
 .text.xcpTransportCtoReservedMemPoolId
                0x080067d0       0x18 xcp_transport.c.o
                0x080067d0                xcpTransportCtoReservedMemPoolId
 .text.xcpTransportReset
                0x080067e8       0xe4 xcp_transport.c.o
                0x080067e8                xcpTransportReset
 .text.xcpInitializePoolMemoryArea
                0x080068cc       0x72 xcp_mem_default.c.o
 *fill*         0x0800693e        0x2 
 .text.xcpMemInit
                0x08006940      0x1d4 xcp_mem_default.c.o
                0x08006940                xcpMemInit
 .text.xcpMemAlloc
                0x08006b14       0xe8 xcp_mem_default.c.o
                0x08006b14                xcpMemAlloc
 .text.xcpMemFree
                0x08006bfc      0x170 xcp_mem_default.c.o
                0x08006bfc                xcpMemFree
 .text.xcpMemReservedPoolCreate
                0x08006d6c      0x224 xcp_mem_default.c.o
                0x08006d6c                xcpMemReservedPoolCreate
 .text.xcpMemReservedPoolDestroy
                0x08006f90      0x158 xcp_mem_default.c.o
                0x08006f90                xcpMemReservedPoolDestroy
 .text.xcpMemCustomPoolCreate
                0x080070e8       0xbc xcp_mem_default.c.o
                0x080070e8                xcpMemCustomPoolCreate
 .text.xcpMemCustomPoolDestroy
                0x080071a4       0x64 xcp_mem_default.c.o
                0x080071a4                xcpMemCustomPoolDestroy
 .text.xcpMemAllocFromPool
                0x08007208      0x170 xcp_mem_default.c.o
                0x08007208                xcpMemAllocFromPool
 .text.xcpMemReset
                0x08007378       0x50 xcp_mem_default.c.o
                0x08007378                xcpMemReset
 .text.xcpDrvOpen
                0x080073c8       0x64 xcp_drv_rtiostream.c.o
                0x080073c8                xcpDrvOpen
 .text.xcpDrvIoctl
                0x0800742c       0x4c xcp_drv_rtiostream.c.o
                0x0800742c                xcpDrvIoctl
 .text.xcpDrvSend
                0x08007478      0x14c xcp_drv_rtiostream.c.o
                0x08007478                xcpDrvSend
 .text.xcpDrvRecv
                0x080075c4      0x14c xcp_drv_rtiostream.c.o
                0x080075c4                xcpDrvRecv
 .text.xcpDrvClose
                0x08007710       0x5c xcp_drv_rtiostream.c.o
                0x08007710                xcpDrvClose
 .text.xcpSortArray
                0x0800776c       0xcc xcp_utils.c.o
                0x0800776c                xcpSortArray
 .text.xcpSxiHtons
                0x08007838       0x18 xcp_frame_serial.c.o
 .text.xcpSxiNtohs
                0x08007850       0x1c xcp_frame_serial.c.o
 .text.xcpSxiChecksum
                0x0800786c       0x3e xcp_frame_serial.c.o
                0x0800786c                xcpSxiChecksum
 *fill*         0x080078aa        0x2 
 .text.xcpFrameInit
                0x080078ac       0x70 xcp_frame_serial.c.o
                0x080078ac                xcpFrameInit
 .text.xcpFrameMsgSend
                0x0800791c      0x188 xcp_frame_serial.c.o
                0x0800791c                xcpFrameMsgSend
 .text.xcpFrameMsgRecv
                0x08007aa4      0x180 xcp_frame_serial.c.o
                0x08007aa4                xcpFrameMsgRecv
 .text.xcpFrameCreateMsg
                0x08007c24       0x94 xcp_frame_serial.c.o
                0x08007c24                xcpFrameCreateMsg
 .text.xcpFrameExtractPacket
                0x08007cb8      0x158 xcp_frame_serial.c.o
                0x08007cb8                xcpFrameExtractPacket
 .text.xcpFrameHeaderSize
                0x08007e10       0x10 xcp_frame_serial.c.o
                0x08007e10                xcpFrameHeaderSize
 .text.xcpFrameTailSize
                0x08007e20       0x10 xcp_frame_serial.c.o
                0x08007e20                xcpFrameTailSize
 .text.xcpFrameMaxDtoSize
                0x08007e30       0x12 xcp_frame_serial.c.o
                0x08007e30                xcpFrameMaxDtoSize
 .text.xcpFrameMaxCtoSize
                0x08007e42       0x10 xcp_frame_serial.c.o
                0x08007e42                xcpFrameMaxCtoSize
 *fill*         0x08007e52        0x2 
 .text.xcpFrameRestart
                0x08007e54       0x30 xcp_frame_serial.c.o
                0x08007e54                xcpFrameRestart
 .text.xcpFrameSetCtoReservedMemPoolId
                0x08007e84       0x20 xcp_frame_serial.c.o
                0x08007e84                xcpFrameSetCtoReservedMemPoolId
 .text.xcpFrameReset
                0x08007ea4       0x70 xcp_frame_serial.c.o
                0x08007ea4                xcpFrameReset
 .text.xcpTransportGetInitParameters
                0x08007f14       0x2e xcp_ext_param_default_serial.c.o
                0x08007f14                xcpTransportGetInitParameters
 .text.xcpGetInitParameters
                0x08007f42       0x2e xcp_ext_param_default_serial.c.o
                0x08007f42                xcpGetInitParameters
 .text.HAL_Delay
                0x08007f70       0x2e overrideHALDelay.c.o
                0x08007f70                HAL_Delay
 *fill*         0x08007f9e        0x2 
 .text.PeriphCommonClock_Config
                0x08007fa0       0x10 platform_timer.c.o
                0x08007fa0                PeriphCommonClock_Config
 .text.getCurrentTimestampInMicros
                0x08007fb0       0x3c platform_timer.c.o
                0x08007fb0                getCurrentTimestampInMicros
 .text.returnTimeElapsed
                0x08007fec       0x2c platform_timer.c.o
                0x08007fec                returnTimeElapsed
 .text.timestampInit
                0x08008018       0x28 platform_timer.c.o
 .text.getCurrentTimestamp
                0x08008040       0x44 platform_timer.c.o
                0x08008040                getCurrentTimestamp
 .text.__NVIC_SetPriority
                0x08008084       0x54 SysTickScheduler.c.o
 .text.SysTick_Config
                0x080080d8       0x44 SysTickScheduler.c.o
 .text.SysTick_Isr
                0x0800811c       0x48 SysTickScheduler.c.o
 .text.SysTick_Handler
                0x08008164       0x20 SysTickScheduler.c.o
                0x08008164                SysTick_Handler
 .text.ARMCM_SysTick_Config
                0x08008184       0xb0 SysTickScheduler.c.o
                0x08008184                ARMCM_SysTick_Config
 .text.PendSV_Handler
                0x08008234       0x44 m3m4m4f_multitasking.c.o
                0x08008234                PendSV_Handler
 .text.SVC_Handler
                0x08008278       0x58 m3m4m4f_multitasking.c.o
                0x08008278                SVC_Handler
 .text.rtIOStreamOpen
                0x080082d0       0x44 rtiostream_serial.c.o
                0x080082d0                rtIOStreamOpen
 .text.rtIOStreamSend
                0x08008314       0x38 rtiostream_serial.c.o
                0x08008314                rtIOStreamSend
 .text.rtIOStreamRecv
                0x0800834c       0x48 rtiostream_serial.c.o
                0x0800834c                rtIOStreamRecv
 .text.rtIOStreamClose
                0x08008394       0x20 rtiostream_serial.c.o
                0x08008394                rtIOStreamClose
 .text.LL_DMA_GetDataLength
                0x080083b4       0x30 stm_usart.c.o
 .text.getAvailableDataInBuffer
                0x080083e4       0xcc stm_usart.c.o
                0x080083e4                getAvailableDataInBuffer
 .text.getBytesToBeReadFromBuffer
                0x080084b0       0x6e stm_usart.c.o
                0x080084b0                getBytesToBeReadFromBuffer
 *fill*         0x0800851e        0x2 
 .text.readDataFromBuffer
                0x08008520       0xdc stm_usart.c.o
                0x08008520                readDataFromBuffer
 .text.__NVIC_GetPriorityGrouping
                0x080085fc       0x1c stm_lpuart.c.o
 .text.__NVIC_EnableIRQ
                0x08008618       0x3c stm_lpuart.c.o
 .text.__NVIC_SetPriority
                0x08008654       0x54 stm_lpuart.c.o
 .text.NVIC_EncodePriority
                0x080086a8       0x66 stm_lpuart.c.o
 *fill*         0x0800870e        0x2 
 .text.LL_DMA_EnableChannel
                0x08008710       0x44 stm_lpuart.c.o
 .text.LL_DMA_DisableChannel
                0x08008754       0x44 stm_lpuart.c.o
 .text.LL_DMA_GetMode
                0x08008798       0x34 stm_lpuart.c.o
 .text.LL_DMA_SetDataLength
                0x080087cc       0x4c stm_lpuart.c.o
 .text.LL_DMA_ConfigAddresses
                0x08008818       0x7c stm_lpuart.c.o
 .text.LL_DMA_IsActiveFlag_TC1
                0x08008894       0x26 stm_lpuart.c.o
 .text.LL_DMA_ClearFlag_TC1
                0x080088ba       0x1a stm_lpuart.c.o
 .text.LL_DMA_EnableIT_TC
                0x080088d4       0x44 stm_lpuart.c.o
 .text.LL_DMA_DisableIT_TC
                0x08008918       0x44 stm_lpuart.c.o
 .text.LL_DMA_IsEnabledIT_TC
                0x0800895c       0x3c stm_lpuart.c.o
 .text.LL_LPUART_Enable
                0x08008998       0x20 stm_lpuart.c.o
 .text.LL_LPUART_Disable
                0x080089b8       0x20 stm_lpuart.c.o
 .text.LL_LPUART_IsEnabled
                0x080089d8       0x26 stm_lpuart.c.o
 .text.LL_LPUART_IsActiveFlag_PE
                0x080089fe       0x26 stm_lpuart.c.o
 .text.LL_LPUART_IsActiveFlag_FE
                0x08008a24       0x26 stm_lpuart.c.o
 .text.LL_LPUART_IsActiveFlag_NE
                0x08008a4a       0x26 stm_lpuart.c.o
 .text.LL_LPUART_IsActiveFlag_ORE
                0x08008a70       0x26 stm_lpuart.c.o
 .text.LL_LPUART_IsActiveFlag_TC
                0x08008a96       0x26 stm_lpuart.c.o
 .text.LL_LPUART_IsActiveFlag_TXE_TXFNF
                0x08008abc       0x26 stm_lpuart.c.o
 .text.LL_LPUART_ClearFlag_PE
                0x08008ae2       0x1a stm_lpuart.c.o
 .text.LL_LPUART_ClearFlag_FE
                0x08008afc       0x1a stm_lpuart.c.o
 .text.LL_LPUART_ClearFlag_NE
                0x08008b16       0x1a stm_lpuart.c.o
 .text.LL_LPUART_ClearFlag_ORE
                0x08008b30       0x1a stm_lpuart.c.o
 .text.LL_LPUART_EnableIT_RXNE_RXFNE
                0x08008b4a       0x42 stm_lpuart.c.o
 .text.LL_LPUART_EnableIT_PE
                0x08008b8c       0x42 stm_lpuart.c.o
 .text.LL_LPUART_EnableIT_ERROR
                0x08008bce       0x46 stm_lpuart.c.o
 .text.LL_LPUART_DisableIT_RXNE_RXFNE
                0x08008c14       0x42 stm_lpuart.c.o
 .text.LL_LPUART_DisableIT_TXE_TXFNF
                0x08008c56       0x42 stm_lpuart.c.o
 .text.LL_LPUART_DisableIT_PE
                0x08008c98       0x42 stm_lpuart.c.o
 .text.LL_LPUART_DisableIT_ERROR
                0x08008cda       0x46 stm_lpuart.c.o
 .text.LL_LPUART_EnableDMAReq_RX
                0x08008d20       0x46 stm_lpuart.c.o
 .text.LL_LPUART_DisableDMAReq_RX
                0x08008d66       0x46 stm_lpuart.c.o
 .text.LL_LPUART_EnableDMAReq_TX
                0x08008dac       0x46 stm_lpuart.c.o
 .text.LL_LPUART_DisableDMAReq_TX
                0x08008df2       0x46 stm_lpuart.c.o
 .text.LL_LPUART_DMA_GetRegAddr
                0x08008e38       0x2c stm_lpuart.c.o
 .text.LL_LPUART_ReceiveData8
                0x08008e64       0x1a stm_lpuart.c.o
 .text.LL_LPUART_TransmitData8
                0x08008e7e       0x1e stm_lpuart.c.o
 .text.LPUART_RXDMAInterruptHandler
                0x08008e9c       0xd4 stm_lpuart.c.o
                0x08008e9c                LPUART_RXDMAInterruptHandler
 .text.LPUART_IsActiveFlagError
                0x08008f70       0xf4 stm_lpuart.c.o
                0x08008f70                LPUART_IsActiveFlagError
 .text.LPUART1_IRQHandler
                0x08009064       0x14 stm_lpuart.c.o
                0x08009064                LPUART1_IRQHandler
 .text.DMA1_Channel1_IRQHandler
                0x08009078       0x20 stm_lpuart.c.o
                0x08009078                DMA1_Channel1_IRQHandler
 .text.LPUART_ConfigureReceiveDMA
                0x08009098       0xae stm_lpuart.c.o
                0x08009098                LPUART_ConfigureReceiveDMA
 .text.LPUART_ConfigureTransmitDMA
                0x08009146       0x7a stm_lpuart.c.o
                0x08009146                LPUART_ConfigureTransmitDMA
 .text.MW_LPUART_GetReadErrorStatus
                0x080091c0       0xc8 stm_lpuart.c.o
                0x080091c0                MW_LPUART_GetReadErrorStatus
 .text.MW_LPUART_Initialize
                0x08009288      0x170 stm_lpuart.c.o
                0x08009288                MW_LPUART_Initialize
 .text.MW_LPUART_ReceiveUsingBuffer
                0x080093f8       0x5c stm_lpuart.c.o
                0x080093f8                MW_LPUART_ReceiveUsingBuffer
 .text.MW_LPUART_TransmitUsingPolling
                0x08009454      0x184 stm_lpuart.c.o
                0x08009454                MW_LPUART_TransmitUsingPolling
 .text.MW_LPUART_DeInit
                0x080095d8       0xaa stm_lpuart.c.o
                0x080095d8                MW_LPUART_DeInit
 .text.sys_arch_protect_arm
                0x08009682       0x22 sys_arch_arm.c.o
                0x08009682                sys_arch_protect_arm
 .text.sys_arch_unprotect_arm
                0x080096a4       0x20 sys_arch_arm.c.o
                0x080096a4                sys_arch_unprotect_arm
 .text.__NVIC_GetPriorityGrouping
                0x080096c4       0x1c main.c.o
 .text.__NVIC_EnableIRQ
                0x080096e0       0x3c main.c.o
 .text.__NVIC_SetPriority
                0x0800971c       0x54 main.c.o
 .text.NVIC_EncodePriority
                0x08009770       0x66 main.c.o
 *fill*         0x080097d6        0x2 
 .text.LL_DMA_SetDataTransferDirection
                0x080097d8       0x50 main.c.o
 .text.LL_DMA_SetMode
                0x08009828       0x4c main.c.o
 .text.LL_DMA_SetPeriphIncMode
                0x08009874       0x4c main.c.o
 .text.LL_DMA_SetMemoryIncMode
                0x080098c0       0x4c main.c.o
 .text.LL_DMA_SetPeriphSize
                0x0800990c       0x4c main.c.o
 .text.LL_DMA_SetMemorySize
                0x08009958       0x4c main.c.o
 .text.LL_DMA_SetChannelPriorityLevel
                0x080099a4       0x4c main.c.o
 .text.LL_DMA_SetPeriphRequest
                0x080099f0       0x54 main.c.o
 .text.LL_LPUART_Enable
                0x08009a44       0x20 main.c.o
 .text.LL_LPUART_DisableFIFO
                0x08009a64       0x20 main.c.o
 .text.LL_LPUART_SetTXFIFOThreshold
                0x08009a84       0x4e main.c.o
 .text.LL_LPUART_SetRXFIFOThreshold
                0x08009ad2       0x4e main.c.o
 .text.LL_LPUART_IsActiveFlag_TEACK
                0x08009b20       0x28 main.c.o
 .text.LL_LPUART_IsActiveFlag_REACK
                0x08009b48       0x28 main.c.o
 .text.LL_RCC_HSI_Enable
                0x08009b70       0x20 main.c.o
 .text.LL_RCC_HSI_IsReady
                0x08009b90       0x28 main.c.o
 .text.LL_RCC_HSI_SetCalibTrimming
                0x08009bb8       0x2c main.c.o
 .text.LL_RCC_SetSysClkSource
                0x08009be4       0x28 main.c.o
 .text.LL_RCC_GetSysClkSource
                0x08009c0c       0x1c main.c.o
 .text.LL_RCC_SetAHBPrescaler
                0x08009c28       0x28 main.c.o
 .text.LL_RCC_SetAPB1Prescaler
                0x08009c50       0x28 main.c.o
 .text.LL_RCC_SetAPB2Prescaler
                0x08009c78       0x28 main.c.o
 .text.LL_RCC_SetLPUARTClockSource
                0x08009ca0       0x2c main.c.o
 .text.LL_RCC_PLL_Enable
                0x08009ccc       0x20 main.c.o
 .text.LL_RCC_PLL_IsReady
                0x08009cec       0x28 main.c.o
 .text.LL_RCC_PLL_ConfigDomain_SYS
                0x08009d14       0x40 main.c.o
 .text.LL_RCC_PLL_EnableDomain_SYS
                0x08009d54       0x20 main.c.o
 .text.LL_AHB1_GRP1_EnableClock
                0x08009d74       0x30 main.c.o
 .text.LL_AHB2_GRP1_EnableClock
                0x08009da4       0x30 main.c.o
 .text.LL_APB1_GRP1_EnableClock
                0x08009dd4       0x30 main.c.o
 .text.LL_APB1_GRP2_EnableClock
                0x08009e04       0x30 main.c.o
 .text.LL_FLASH_SetLatency
                0x08009e34       0x28 main.c.o
 .text.LL_FLASH_GetLatency
                0x08009e5c       0x1c main.c.o
 .text.LL_PWR_EnableRange1BoostMode
                0x08009e78       0x24 main.c.o
 .text.LL_TIM_DisableARRPreload
                0x08009e9c       0x20 main.c.o
 .text.LL_TIM_IC_SetActiveInput
                0x08009ebc       0xc0 main.c.o
 .text.LL_TIM_IC_SetPrescaler
                0x08009f7c       0xc0 main.c.o
 .text.LL_TIM_IC_SetFilter
                0x0800a03c       0xc0 main.c.o
 .text.LL_TIM_IC_SetPolarity
                0x0800a0fc       0xac main.c.o
 .text.LL_TIM_SetEncoderMode
                0x0800a1a8       0x2a main.c.o
 .text.LL_TIM_SetTriggerOutput
                0x0800a1d2       0x2a main.c.o
 .text.LL_TIM_DisableMasterSlaveMode
                0x0800a1fc       0x20 main.c.o
 .text.SystemClock_Config
                0x0800a21c       0xb0 main.c.o
                0x0800a21c                SystemClock_Config
 .text.MX_LPUART1_UART_Init
                0x0800a2cc      0x148 main.c.o
                0x0800a2cc                MX_LPUART1_UART_Init
 .text.MX_TIM3_Init
                0x0800a414      0x114 main.c.o
                0x0800a414                MX_TIM3_Init
 .text.MX_DMA_Init
                0x0800a528       0x34 main.c.o
                0x0800a528                MX_DMA_Init
 .text.MX_GPIO_Init
                0x0800a55c       0x20 main.c.o
                0x0800a55c                MX_GPIO_Init
 .text.HAL_TIM_PeriodElapsedCallback
                0x0800a57c       0x1e main.c.o
                0x0800a57c                HAL_TIM_PeriodElapsedCallback
 .text.Error_Handler
                0x0800a59a        0xc main.c.o
                0x0800a59a                Error_Handler
 .text.NMI_Handler
                0x0800a5a6        0x8 stm32g4xx_it.c.o
                0x0800a5a6                NMI_Handler
 .text.HardFault_Handler
                0x0800a5ae        0x8 stm32g4xx_it.c.o
                0x0800a5ae                HardFault_Handler
 .text.MemManage_Handler
                0x0800a5b6        0x8 stm32g4xx_it.c.o
                0x0800a5b6                MemManage_Handler
 .text.BusFault_Handler
                0x0800a5be        0x8 stm32g4xx_it.c.o
                0x0800a5be                BusFault_Handler
 .text.UsageFault_Handler
                0x0800a5c6        0x8 stm32g4xx_it.c.o
                0x0800a5c6                UsageFault_Handler
 .text.DebugMon_Handler
                0x0800a5ce        0xe stm32g4xx_it.c.o
                0x0800a5ce                DebugMon_Handler
 .text.TIM2_IRQHandler
                0x0800a5dc       0x14 stm32g4xx_it.c.o
                0x0800a5dc                TIM2_IRQHandler
 .text.HAL_MspInit
                0x0800a5f0       0x48 stm32g4xx_hal_msp.c.o
                0x0800a5f0                HAL_MspInit
 .text.HAL_InitTick
                0x0800a638       0xd8 stm32g4xx_hal_timebase_tim.c.o
                0x0800a638                HAL_InitTick
 .text.LL_SetSystemCoreClock
                0x0800a710       0x20 stm32g4xx_ll_utils.c.o
                0x0800a710                LL_SetSystemCoreClock
 .text.HAL_TIM_Base_Init
                0x0800a730       0xae stm32g4xx_hal_tim.c.o
                0x0800a730                HAL_TIM_Base_Init
 .text.HAL_TIM_Base_MspInit
                0x0800a7de       0x14 stm32g4xx_hal_tim.c.o
                0x0800a7de                HAL_TIM_Base_MspInit
 *fill*         0x0800a7f2        0x2 
 .text.HAL_TIM_Base_Start_IT
                0x0800a7f4       0xf0 stm32g4xx_hal_tim.c.o
                0x0800a7f4                HAL_TIM_Base_Start_IT
 .text.HAL_TIM_IRQHandler
                0x0800a8e4      0x29e stm32g4xx_hal_tim.c.o
                0x0800a8e4                HAL_TIM_IRQHandler
 .text.HAL_TIM_OC_DelayElapsedCallback
                0x0800ab82       0x14 stm32g4xx_hal_tim.c.o
                0x0800ab82                HAL_TIM_OC_DelayElapsedCallback
 .text.HAL_TIM_IC_CaptureCallback
                0x0800ab96       0x14 stm32g4xx_hal_tim.c.o
                0x0800ab96                HAL_TIM_IC_CaptureCallback
 .text.HAL_TIM_PWM_PulseFinishedCallback
                0x0800abaa       0x14 stm32g4xx_hal_tim.c.o
                0x0800abaa                HAL_TIM_PWM_PulseFinishedCallback
 .text.HAL_TIM_TriggerCallback
                0x0800abbe       0x14 stm32g4xx_hal_tim.c.o
                0x0800abbe                HAL_TIM_TriggerCallback
 *fill*         0x0800abd2        0x2 
 .text.TIM_Base_SetConfig
                0x0800abd4      0x168 stm32g4xx_hal_tim.c.o
                0x0800abd4                TIM_Base_SetConfig
 .text.HAL_TIMEx_CommutCallback
                0x0800ad3c       0x14 stm32g4xx_hal_tim_ex.c.o
                0x0800ad3c                HAL_TIMEx_CommutCallback
 .text.HAL_TIMEx_BreakCallback
                0x0800ad50       0x14 stm32g4xx_hal_tim_ex.c.o
                0x0800ad50                HAL_TIMEx_BreakCallback
 .text.HAL_TIMEx_Break2Callback
                0x0800ad64       0x14 stm32g4xx_hal_tim_ex.c.o
                0x0800ad64                HAL_TIMEx_Break2Callback
 .text.HAL_TIMEx_EncoderIndexCallback
                0x0800ad78       0x14 stm32g4xx_hal_tim_ex.c.o
                0x0800ad78                HAL_TIMEx_EncoderIndexCallback
 .text.HAL_TIMEx_DirectionChangeCallback
                0x0800ad8c       0x14 stm32g4xx_hal_tim_ex.c.o
                0x0800ad8c                HAL_TIMEx_DirectionChangeCallback
 .text.HAL_TIMEx_IndexErrorCallback
                0x0800ada0       0x14 stm32g4xx_hal_tim_ex.c.o
                0x0800ada0                HAL_TIMEx_IndexErrorCallback
 .text.HAL_TIMEx_TransitionErrorCallback
                0x0800adb4       0x14 stm32g4xx_hal_tim_ex.c.o
                0x0800adb4                HAL_TIMEx_TransitionErrorCallback
 .text.LL_GPIO_SetPinMode
                0x0800adc8       0x7a stm32g4xx_ll_gpio.c.o
 .text.LL_GPIO_SetPinOutputType
                0x0800ae42       0x30 stm32g4xx_ll_gpio.c.o
 .text.LL_GPIO_SetPinSpeed
                0x0800ae72       0x7a stm32g4xx_ll_gpio.c.o
 .text.LL_GPIO_SetPinPull
                0x0800aeec       0x7a stm32g4xx_ll_gpio.c.o
 .text.LL_GPIO_SetAFPin_0_7
                0x0800af66       0x7a stm32g4xx_ll_gpio.c.o
 .text.LL_GPIO_SetAFPin_8_15
                0x0800afe0       0x7e stm32g4xx_ll_gpio.c.o
 .text.LL_GPIO_Init
                0x0800b05e       0xdc stm32g4xx_ll_gpio.c.o
                0x0800b05e                LL_GPIO_Init
 .text.LL_LPUART_IsEnabled
                0x0800b13a       0x26 stm32g4xx_ll_lpuart.c.o
 .text.LL_LPUART_SetPrescaler
                0x0800b160       0x28 stm32g4xx_ll_lpuart.c.o
 .text.LL_LPUART_SetStopBitsLength
                0x0800b188       0x26 stm32g4xx_ll_lpuart.c.o
 .text.LL_LPUART_SetHWFlowCtrl
                0x0800b1ae       0x26 stm32g4xx_ll_lpuart.c.o
 .text.LL_LPUART_SetBaudRate
                0x0800b1d4       0x98 stm32g4xx_ll_lpuart.c.o
 .text.LL_LPUART_Init
                0x0800b26c       0x98 stm32g4xx_ll_lpuart.c.o
                0x0800b26c                LL_LPUART_Init
 .text.LL_RCC_HSI_IsReady
                0x0800b304       0x28 stm32g4xx_ll_rcc.c.o
 .text.LL_RCC_LSE_IsReady
                0x0800b32c       0x28 stm32g4xx_ll_rcc.c.o
 .text.LL_RCC_GetSysClkSource
                0x0800b354       0x1c stm32g4xx_ll_rcc.c.o
 .text.LL_RCC_GetAHBPrescaler
                0x0800b370       0x1c stm32g4xx_ll_rcc.c.o
 .text.LL_RCC_GetAPB1Prescaler
                0x0800b38c       0x1c stm32g4xx_ll_rcc.c.o
 .text.LL_RCC_GetLPUARTClockSource
                0x0800b3a8       0x24 stm32g4xx_ll_rcc.c.o
 .text.LL_RCC_PLL_GetMainSource
                0x0800b3cc       0x1c stm32g4xx_ll_rcc.c.o
 .text.LL_RCC_PLL_GetN
                0x0800b3e8       0x1c stm32g4xx_ll_rcc.c.o
 .text.LL_RCC_PLL_GetR
                0x0800b404       0x1c stm32g4xx_ll_rcc.c.o
 .text.LL_RCC_PLL_GetDivider
                0x0800b420       0x1c stm32g4xx_ll_rcc.c.o
 .text.LL_RCC_GetLPUARTClockFreq
                0x0800b43c       0x84 stm32g4xx_ll_rcc.c.o
                0x0800b43c                LL_RCC_GetLPUARTClockFreq
 .text.RCC_GetSystemClockFreq
                0x0800b4c0       0x4c stm32g4xx_ll_rcc.c.o
 .text.RCC_GetHCLKClockFreq
                0x0800b50c       0x30 stm32g4xx_ll_rcc.c.o
 .text.RCC_GetPCLK1ClockFreq
                0x0800b53c       0x2c stm32g4xx_ll_rcc.c.o
 .text.RCC_PLL_GetFreqDomain_SYS
                0x0800b568       0x68 stm32g4xx_ll_rcc.c.o
 .text.HAL_Init
                0x0800b5d0       0x30 stm32g4xx_hal.c.o
                0x0800b5d0                HAL_Init
 .text.HAL_IncTick
                0x0800b600       0x24 stm32g4xx_hal.c.o
                0x0800b600                HAL_IncTick
 .text.HAL_GetTick
                0x0800b624       0x18 stm32g4xx_hal.c.o
                0x0800b624                HAL_GetTick
 .text.HAL_RCC_GetHCLKFreq
                0x0800b63c       0x18 stm32g4xx_hal_rcc.c.o
                0x0800b63c                HAL_RCC_GetHCLKFreq
 .text.HAL_RCC_GetPCLK1Freq
                0x0800b654       0x2c stm32g4xx_hal_rcc.c.o
                0x0800b654                HAL_RCC_GetPCLK1Freq
 .text.HAL_RCC_GetClockConfig
                0x0800b680       0x64 stm32g4xx_hal_rcc.c.o
                0x0800b680                HAL_RCC_GetClockConfig
 .text.HAL_PWREx_DisableUCPDDeadBattery
                0x0800b6e4       0x20 stm32g4xx_hal_pwr_ex.c.o
                0x0800b6e4                HAL_PWREx_DisableUCPDDeadBattery
 .text.__NVIC_SetPriorityGrouping
                0x0800b704       0x48 stm32g4xx_hal_cortex.c.o
 .text.__NVIC_GetPriorityGrouping
                0x0800b74c       0x1c stm32g4xx_hal_cortex.c.o
 .text.__NVIC_EnableIRQ
                0x0800b768       0x3c stm32g4xx_hal_cortex.c.o
 .text.__NVIC_SetPriority
                0x0800b7a4       0x54 stm32g4xx_hal_cortex.c.o
 .text.NVIC_EncodePriority
                0x0800b7f8       0x66 stm32g4xx_hal_cortex.c.o
 .text.HAL_NVIC_SetPriorityGrouping
                0x0800b85e       0x16 stm32g4xx_hal_cortex.c.o
                0x0800b85e                HAL_NVIC_SetPriorityGrouping
 .text.HAL_NVIC_SetPriority
                0x0800b874       0x34 stm32g4xx_hal_cortex.c.o
                0x0800b874                HAL_NVIC_SetPriority
 .text.HAL_NVIC_EnableIRQ
                0x0800b8a8       0x1c stm32g4xx_hal_cortex.c.o
                0x0800b8a8                HAL_NVIC_EnableIRQ
 .text.LL_TIM_SetPrescaler
                0x0800b8c4       0x1c stm32g4xx_ll_tim.c.o
 .text.LL_TIM_SetAutoReload
                0x0800b8e0       0x1c stm32g4xx_ll_tim.c.o
 .text.LL_TIM_SetRepetitionCounter
                0x0800b8fc       0x1c stm32g4xx_ll_tim.c.o
 .text.LL_TIM_GenerateEvent_UPDATE
                0x0800b918       0x20 stm32g4xx_ll_tim.c.o
 .text.LL_TIM_Init
                0x0800b938      0x144 stm32g4xx_ll_tim.c.o
                0x0800b938                LL_TIM_Init
 .text.SystemInit
                0x0800ba7c       0x24 system_stm32g4xx.c.o
                0x0800ba7c                SystemInit
 .text.Reset_Handler
                0x0800baa0       0x50 startup_stm32g474retx.s.o
                0x0800baa0                Reset_Handler
 .text.Default_Handler
                0x0800baf0        0x2 startup_stm32g474retx.s.o
                0x0800baf0                RTC_Alarm_IRQHandler
                0x0800baf0                EXTI2_IRQHandler
                0x0800baf0                TIM8_TRG_COM_IRQHandler
                0x0800baf0                TIM8_CC_IRQHandler
                0x0800baf0                HRTIM1_Master_IRQHandler
                0x0800baf0                SPI4_IRQHandler
                0x0800baf0                FDCAN3_IT0_IRQHandler
                0x0800baf0                TIM1_CC_IRQHandler
                0x0800baf0                HRTIM1_FLT_IRQHandler
                0x0800baf0                HRTIM1_TIMF_IRQHandler
                0x0800baf0                USB_HP_IRQHandler
                0x0800baf0                CORDIC_IRQHandler
                0x0800baf0                HRTIM1_TIMD_IRQHandler
                0x0800baf0                DMA2_Channel8_IRQHandler
                0x0800baf0                EXTI3_IRQHandler
                0x0800baf0                I2C3_ER_IRQHandler
                0x0800baf0                EXTI0_IRQHandler
                0x0800baf0                I2C2_EV_IRQHandler
                0x0800baf0                FPU_IRQHandler
                0x0800baf0                FDCAN1_IT1_IRQHandler
                0x0800baf0                TIM1_UP_TIM16_IRQHandler
                0x0800baf0                ADC1_2_IRQHandler
                0x0800baf0                HRTIM1_TIME_IRQHandler
                0x0800baf0                SPI1_IRQHandler
                0x0800baf0                TIM6_DAC_IRQHandler
                0x0800baf0                HRTIM1_TIMC_IRQHandler
                0x0800baf0                TIM8_UP_IRQHandler
                0x0800baf0                DMA2_Channel2_IRQHandler
                0x0800baf0                DMA1_Channel4_IRQHandler
                0x0800baf0                TIM20_TRG_COM_IRQHandler
                0x0800baf0                USART3_IRQHandler
                0x0800baf0                DMA1_Channel7_IRQHandler
                0x0800baf0                UART5_IRQHandler
                0x0800baf0                ADC3_IRQHandler
                0x0800baf0                TIM4_IRQHandler
                0x0800baf0                DMA2_Channel1_IRQHandler
                0x0800baf0                QUADSPI_IRQHandler
                0x0800baf0                I2C1_EV_IRQHandler
                0x0800baf0                DMA1_Channel6_IRQHandler
                0x0800baf0                UART4_IRQHandler
                0x0800baf0                DMA2_Channel4_IRQHandler
                0x0800baf0                TIM3_IRQHandler
                0x0800baf0                RCC_IRQHandler
                0x0800baf0                TIM20_UP_IRQHandler
                0x0800baf0                Default_Handler
                0x0800baf0                DMA2_Channel7_IRQHandler
                0x0800baf0                RTC_TAMP_LSECSS_IRQHandler
                0x0800baf0                FMAC_IRQHandler
                0x0800baf0                EXTI15_10_IRQHandler
                0x0800baf0                DMA1_Channel8_IRQHandler
                0x0800baf0                HRTIM1_TIMA_IRQHandler
                0x0800baf0                TIM7_DAC_IRQHandler
                0x0800baf0                FDCAN3_IT1_IRQHandler
                0x0800baf0                TIM5_IRQHandler
                0x0800baf0                UCPD1_IRQHandler
                0x0800baf0                I2C3_EV_IRQHandler
                0x0800baf0                EXTI9_5_IRQHandler
                0x0800baf0                RTC_WKUP_IRQHandler
                0x0800baf0                PVD_PVM_IRQHandler
                0x0800baf0                SPI2_IRQHandler
                0x0800baf0                ADC5_IRQHandler
                0x0800baf0                DMA2_Channel5_IRQHandler
                0x0800baf0                CRS_IRQHandler
                0x0800baf0                DMA1_Channel5_IRQHandler
                0x0800baf0                USB_LP_IRQHandler
                0x0800baf0                EXTI4_IRQHandler
                0x0800baf0                RNG_IRQHandler
                0x0800baf0                HRTIM1_TIMB_IRQHandler
                0x0800baf0                TIM1_TRG_COM_TIM17_IRQHandler
                0x0800baf0                FDCAN2_IT1_IRQHandler
                0x0800baf0                DMA1_Channel3_IRQHandler
                0x0800baf0                ADC4_IRQHandler
                0x0800baf0                WWDG_IRQHandler
                0x0800baf0                I2C4_EV_IRQHandler
                0x0800baf0                FDCAN2_IT0_IRQHandler
                0x0800baf0                DMA2_Channel6_IRQHandler
                0x0800baf0                FDCAN1_IT0_IRQHandler
                0x0800baf0                COMP7_IRQHandler
                0x0800baf0                COMP1_2_3_IRQHandler
                0x0800baf0                EXTI1_IRQHandler
                0x0800baf0                USART2_IRQHandler
                0x0800baf0                COMP4_5_6_IRQHandler
                0x0800baf0                TIM20_BRK_IRQHandler
                0x0800baf0                I2C2_ER_IRQHandler
                0x0800baf0                DMA1_Channel2_IRQHandler
                0x0800baf0                TIM8_BRK_IRQHandler
                0x0800baf0                FLASH_IRQHandler
                0x0800baf0                TIM20_CC_IRQHandler
                0x0800baf0                USART1_IRQHandler
                0x0800baf0                SPI3_IRQHandler
                0x0800baf0                I2C1_ER_IRQHandler
                0x0800baf0                FMC_IRQHandler
                0x0800baf0                LPTIM1_IRQHandler
                0x0800baf0                DMAMUX_OVR_IRQHandler
                0x0800baf0                I2C4_ER_IRQHandler
                0x0800baf0                USBWakeUp_IRQHandler
                0x0800baf0                SAI1_IRQHandler
                0x0800baf0                DMA2_Channel3_IRQHandler
                0x0800baf0                TIM1_BRK_TIM15_IRQHandler
 .text.LL_TIM_GetCounterMode
                0x0800baf2       0x30 stm_timer_ll.c.o
 .text.LL_TIM_GetCounter
                0x0800bb22       0x18 stm_timer_ll.c.o
 .text.LL_TIM_GetRepetitionCounter
                0x0800bb3a       0x18 stm_timer_ll.c.o
 .text.LL_TIM_CC_EnableChannel
                0x0800bb52       0x22 stm_timer_ll.c.o
 .text.LL_TIM_CC_DisableChannel
                0x0800bb74       0x24 stm_timer_ll.c.o
 .text.LL_TIM_EnableAllOutputs
                0x0800bb98       0x20 stm_timer_ll.c.o
 .text.LL_TIM_IsActiveFlag_IDX
                0x0800bbb8       0x28 stm_timer_ll.c.o
 .text.LL_TIM_EnableIT_UPDATE
                0x0800bbe0       0x20 stm_timer_ll.c.o
 .text.LL_TIM_DisableIT_UPDATE
                0x0800bc00       0x20 stm_timer_ll.c.o
 .text.LL_TIM_IsEnabledIT_UPDATE
                0x0800bc20       0x26 stm_timer_ll.c.o
 .text.LL_TIM_EnableIT_CC1
                0x0800bc46       0x20 stm_timer_ll.c.o
 .text.LL_TIM_DisableIT_CC1
                0x0800bc66       0x20 stm_timer_ll.c.o
 .text.LL_TIM_IsEnabledIT_CC1
                0x0800bc86       0x26 stm_timer_ll.c.o
 .text.LL_TIM_EnableIT_CC2
                0x0800bcac       0x20 stm_timer_ll.c.o
 .text.LL_TIM_DisableIT_CC2
                0x0800bccc       0x20 stm_timer_ll.c.o
 .text.LL_TIM_IsEnabledIT_CC2
                0x0800bcec       0x26 stm_timer_ll.c.o
 .text.LL_TIM_EnableIT_CC3
                0x0800bd12       0x20 stm_timer_ll.c.o
 .text.LL_TIM_DisableIT_CC3
                0x0800bd32       0x20 stm_timer_ll.c.o
 .text.LL_TIM_IsEnabledIT_CC3
                0x0800bd52       0x26 stm_timer_ll.c.o
 .text.LL_TIM_EnableIT_CC4
                0x0800bd78       0x20 stm_timer_ll.c.o
 .text.LL_TIM_DisableIT_CC4
                0x0800bd98       0x20 stm_timer_ll.c.o
 .text.LL_TIM_IsEnabledIT_CC4
                0x0800bdb8       0x26 stm_timer_ll.c.o
 .text.LL_TIM_EnableIT_COM
                0x0800bdde       0x20 stm_timer_ll.c.o
 .text.LL_TIM_DisableIT_COM
                0x0800bdfe       0x20 stm_timer_ll.c.o
 .text.LL_TIM_IsEnabledIT_COM
                0x0800be1e       0x26 stm_timer_ll.c.o
 .text.LL_TIM_EnableIT_TRIG
                0x0800be44       0x20 stm_timer_ll.c.o
 .text.LL_TIM_DisableIT_TRIG
                0x0800be64       0x20 stm_timer_ll.c.o
 .text.LL_TIM_IsEnabledIT_TRIG
                0x0800be84       0x26 stm_timer_ll.c.o
 .text.LL_TIM_EnableIT_BRK
                0x0800beaa       0x20 stm_timer_ll.c.o
 .text.LL_TIM_DisableIT_BRK
                0x0800beca       0x20 stm_timer_ll.c.o
 .text.LL_TIM_IsEnabledIT_BRK
                0x0800beea       0x26 stm_timer_ll.c.o
 .text.LL_TIM_EnableIT_TERR
                0x0800bf10       0x20 stm_timer_ll.c.o
 .text.LL_TIM_DisableIT_TERR
                0x0800bf30       0x20 stm_timer_ll.c.o
 .text.LL_TIM_IsEnabledIT_TERR
                0x0800bf50       0x28 stm_timer_ll.c.o
 .text.LL_TIM_EnableIT_IERR
                0x0800bf78       0x20 stm_timer_ll.c.o
 .text.LL_TIM_DisableIT_IERR
                0x0800bf98       0x20 stm_timer_ll.c.o
 .text.LL_TIM_IsEnabledIT_IERR
                0x0800bfb8       0x28 stm_timer_ll.c.o
 .text.LL_TIM_EnableIT_DIR
                0x0800bfe0       0x20 stm_timer_ll.c.o
 .text.LL_TIM_DisableIT_DIR
                0x0800c000       0x20 stm_timer_ll.c.o
 .text.LL_TIM_IsEnabledIT_DIR
                0x0800c020       0x28 stm_timer_ll.c.o
 .text.LL_TIM_EnableIT_IDX
                0x0800c048       0x20 stm_timer_ll.c.o
 .text.LL_TIM_DisableIT_IDX
                0x0800c068       0x20 stm_timer_ll.c.o
 .text.LL_TIM_IsEnabledIT_IDX
                0x0800c088       0x28 stm_timer_ll.c.o
 .text.TIM_IsActiveFlagIDX
                0x0800c0b0       0x34 stm_timer_ll.c.o
                0x0800c0b0                TIM_IsActiveFlagIDX
 .text.enableTimerInterrupts
                0x0800c0e4      0x1c4 stm_timer_ll.c.o
                0x0800c0e4                enableTimerInterrupts
 .text.disableTimerInterrupts
                0x0800c2a8      0x1c4 stm_timer_ll.c.o
                0x0800c2a8                disableTimerInterrupts
 .text.enableTimerChannel1
                0x0800c46c       0xb0 stm_timer_ll.c.o
                0x0800c46c                enableTimerChannel1
 .text.disableTimerChannel1
                0x0800c51c       0xb0 stm_timer_ll.c.o
                0x0800c51c                disableTimerChannel1
 .text.enableTimerChannel2
                0x0800c5cc       0xb0 stm_timer_ll.c.o
                0x0800c5cc                enableTimerChannel2
 .text.disableTimerChannel2
                0x0800c67c       0xb0 stm_timer_ll.c.o
                0x0800c67c                disableTimerChannel2
 .text.Timer_Handle_Init
                0x0800c72c      0x114 stm_timer_ll.c.o
                0x0800c72c                Timer_Handle_Init
 .text.getTimerCounterValueForG4
                0x0800c840       0x64 stm_timer_ll.c.o
                0x0800c840                getTimerCounterValueForG4
 .text.fmod     0x0800c8a4       0x6c C:/ProgramData/MATLAB/SupportPackages/R2025a/3P.instrset/gnuarm-armcortex.instrset/win/bin/../lib/gcc/arm-none-eabi/13.2.1/thumb/v7e-m+fp/hard\libm.a(libm_a-w_fmod.o)
                0x0800c8a4                fmod
 .text.__ieee754_fmod
                0x0800c910      0x30c C:/ProgramData/MATLAB/SupportPackages/R2025a/3P.instrset/gnuarm-armcortex.instrset/win/bin/../lib/gcc/arm-none-eabi/13.2.1/thumb/v7e-m+fp/hard\libm.a(libm_a-e_fmod.o)
                0x0800c910                __ieee754_fmod
 .text.__udivmoddi4
                0x0800cc1c      0x2bc C:/ProgramData/MATLAB/SupportPackages/R2025a/3P.instrset/gnuarm-armcortex.instrset/win/bin/../lib/gcc/arm-none-eabi/13.2.1/thumb/v7e-m+fp/hard\libgcc.a(_udivmoddi4.o)
                0x0800cc1c                __udivmoddi4
 .text.memset   0x0800ced8       0x10 C:/ProgramData/MATLAB/SupportPackages/R2025a/3P.instrset/gnuarm-armcortex.instrset/win/bin/../lib/gcc/arm-none-eabi/13.2.1/thumb/v7e-m+fp/hard\libg_nano.a(libc_a-memset.o)
                0x0800ced8                memset
 .text.__errno  0x0800cee8        0xc C:/ProgramData/MATLAB/SupportPackages/R2025a/3P.instrset/gnuarm-armcortex.instrset/win/bin/../lib/gcc/arm-none-eabi/13.2.1/thumb/v7e-m+fp/hard\libg_nano.a(libc_a-errno.o)
                0x0800cee8                __errno
 .text.__libc_init_array
                0x0800cef4       0x48 C:/ProgramData/MATLAB/SupportPackages/R2025a/3P.instrset/gnuarm-armcortex.instrset/win/bin/../lib/gcc/arm-none-eabi/13.2.1/thumb/v7e-m+fp/hard\libg_nano.a(libc_a-init.o)
                0x0800cef4                __libc_init_array
 .text.memcpy   0x0800cf3c       0x1c C:/ProgramData/MATLAB/SupportPackages/R2025a/3P.instrset/gnuarm-armcortex.instrset/win/bin/../lib/gcc/arm-none-eabi/13.2.1/thumb/v7e-m+fp/hard\libg_nano.a(libc_a-memcpy-stub.o)
                0x0800cf3c                memcpy
 *(.glue_7)
 .glue_7        0x0800cf58        0x0 linker stubs
 *(.glue_7t)
 .glue_7t       0x0800cf58        0x0 linker stubs
 *(.eh_frame)
 .eh_frame      0x0800cf58        0x0 C:/ProgramData/MATLAB/SupportPackages/R2025a/3P.instrset/gnuarm-armcortex.instrset/win/bin/../lib/gcc/arm-none-eabi/13.2.1/thumb/v7e-m+fp/hard/crtbegin.o
 *(.init)
 .init          0x0800cf58        0x4 C:/ProgramData/MATLAB/SupportPackages/R2025a/3P.instrset/gnuarm-armcortex.instrset/win/bin/../lib/gcc/arm-none-eabi/13.2.1/thumb/v7e-m+fp/hard/crti.o
                0x0800cf58                _init
 .init          0x0800cf5c        0x8 C:/ProgramData/MATLAB/SupportPackages/R2025a/3P.instrset/gnuarm-armcortex.instrset/win/bin/../lib/gcc/arm-none-eabi/13.2.1/thumb/v7e-m+fp/hard/crtn.o
 *(.fini)
 .fini          0x0800cf64        0x4 C:/ProgramData/MATLAB/SupportPackages/R2025a/3P.instrset/gnuarm-armcortex.instrset/win/bin/../lib/gcc/arm-none-eabi/13.2.1/thumb/v7e-m+fp/hard/crti.o
                0x0800cf64                _fini
 .fini          0x0800cf68        0x8 C:/ProgramData/MATLAB/SupportPackages/R2025a/3P.instrset/gnuarm-armcortex.instrset/win/bin/../lib/gcc/arm-none-eabi/13.2.1/thumb/v7e-m+fp/hard/crtn.o
                0x0800cf70                        . = ALIGN (0x4)
                0x0800cf70                        _etext = .

.vfp11_veneer   0x0800cf70        0x0
 .vfp11_veneer  0x0800cf70        0x0 linker stubs

.v4_bx          0x0800cf70        0x0
 .v4_bx         0x0800cf70        0x0 linker stubs

.iplt           0x0800cf70        0x0
 .iplt          0x0800cf70        0x0 C:/ProgramData/MATLAB/SupportPackages/R2025a/3P.instrset/gnuarm-armcortex.instrset/win/bin/../lib/gcc/arm-none-eabi/13.2.1/thumb/v7e-m+fp/hard/crtbegin.o

.rodata         0x0800cf70     0x2a28
                0x0800cf70                        . = ALIGN (0x4)
 *(.rodata)
 .rodata        0x0800cf70      0x2b9 xcp_ext_mode.c.o
 *fill*         0x0800d229        0x3 
 .rodata        0x0800d22c       0x12 Encoder_reader_simulink.c.o
 *fill*         0x0800d23e        0x2 
 .rodata        0x0800d240      0x12e xcp_ext_common.c.o
 *fill*         0x0800d36e        0x2 
 .rodata        0x0800d370       0x4c xcp_ext_classic_trigger.c.o
 .rodata        0x0800d3bc      0x278 xcp.c.o
 .rodata        0x0800d634      0x3a9 xcp_standard.c.o
 *fill*         0x0800d9dd        0x3 
 .rodata        0x0800d9e0     0x1010 xcp_daq.c.o
 .rodata        0x0800e9f0       0xdd xcp_calibration.c.o
 *fill*         0x0800eacd        0x3 
 .rodata        0x0800ead0      0x56e xcp_transport.c.o
 *fill*         0x0800f03e        0x2 
 .rodata        0x0800f040       0xf5 xcp_mem_default.c.o
 *fill*         0x0800f135        0x3 
 .rodata        0x0800f138      0x228 xcp_drv_rtiostream.c.o
 .rodata        0x0800f360      0x4aa xcp_frame_serial.c.o
 *(.rodata*)
 *fill*         0x0800f80a        0x2 
 .rodata.Encoder_reader_simulink_M
                0x0800f80c        0x4 Encoder_reader_simulink.c.o
                0x0800f80c                Encoder_reader_simulink_M
 .rodata.rtAlwaysEnabled.0
                0x0800f810        0x1 Encoder_reader_simulink.c.o
 *fill*         0x0800f811        0x3 
 .rodata.standardSupportedRxPacket
                0x0800f814       0x54 xcp_standard.c.o
 .rodata.daqSupportedRxPacket
                0x0800f868       0x9c xcp_daq.c.o
 .rodata.calibrationSupportedRxPacket
                0x0800f904       0x18 xcp_calibration.c.o
 .rodata.CHANNEL_OFFSET_TAB
                0x0800f91c        0x8 stm_usart.c.o
 .rodata.CHANNEL_OFFSET_TAB
                0x0800f924        0x8 stm_lpuart.c.o
 .rodata.CHANNEL_OFFSET_TAB
                0x0800f92c        0x8 main.c.o
 .rodata.OFFSET_TAB_CCMRx
                0x0800f934        0xa main.c.o
 *fill*         0x0800f93e        0x2 
 .rodata.SHIFT_TAB_ICxx
                0x0800f940        0xa main.c.o
 *fill*         0x0800f94a        0x2 
 .rodata.SHIFT_TAB_CCxP
                0x0800f94c        0xa main.c.o
 *fill*         0x0800f956        0x2 
 .rodata.LPUART_PRESCALER_TAB
                0x0800f958       0x18 stm32g4xx_ll_lpuart.c.o
 .rodata.AHBPrescTable
                0x0800f970       0x10 system_stm32g4xx.c.o
                0x0800f970                AHBPrescTable
 .rodata.APBPrescTable
                0x0800f980        0x8 system_stm32g4xx.c.o
                0x0800f980                APBPrescTable
 .rodata.Zero   0x0800f988       0x10 C:/ProgramData/MATLAB/SupportPackages/R2025a/3P.instrset/gnuarm-armcortex.instrset/win/bin/../lib/gcc/arm-none-eabi/13.2.1/thumb/v7e-m+fp/hard\libm.a(libm_a-e_fmod.o)
                0x0800f998                        . = ALIGN (0x4)

.ARM.extab      0x0800f998        0x0
                0x0800f998                        . = ALIGN (0x4)
 *(.ARM.extab* .gnu.linkonce.armextab.*)
                0x0800f998                        . = ALIGN (0x4)

.ARM            0x0800f998        0x8
                0x0800f998                        . = ALIGN (0x4)
                0x0800f998                        __exidx_start = .
 *(.ARM.exidx*)
 .ARM.exidx.text.__udivmoddi4
                0x0800f998        0x8 C:/ProgramData/MATLAB/SupportPackages/R2025a/3P.instrset/gnuarm-armcortex.instrset/win/bin/../lib/gcc/arm-none-eabi/13.2.1/thumb/v7e-m+fp/hard\libgcc.a(_udivmoddi4.o)
                0x0800f9a0                        __exidx_end = .
                0x0800f9a0                        . = ALIGN (0x4)

.preinit_array  0x0800f9a0        0x0
                0x0800f9a0                        . = ALIGN (0x4)
                0x0800f9a0                        PROVIDE (__preinit_array_start = .)
 *(.preinit_array*)
                0x0800f9a0                        PROVIDE (__preinit_array_end = .)
                0x0800f9a0                        . = ALIGN (0x4)

.init_array     0x0800f9a0        0x4
                0x0800f9a0                        . = ALIGN (0x4)
                0x0800f9a0                        PROVIDE (__init_array_start = .)
 *(SORT_BY_NAME(.init_array.*))
 *(.init_array*)
 .init_array    0x0800f9a0        0x4 C:/ProgramData/MATLAB/SupportPackages/R2025a/3P.instrset/gnuarm-armcortex.instrset/win/bin/../lib/gcc/arm-none-eabi/13.2.1/thumb/v7e-m+fp/hard/crtbegin.o
                0x0800f9a4                        PROVIDE (__init_array_end = .)
                0x0800f9a4                        . = ALIGN (0x4)

.fini_array     0x0800f9a4        0x4
                0x0800f9a4                        . = ALIGN (0x4)
                [!provide]                        PROVIDE (__fini_array_start = .)
 *(SORT_BY_NAME(.fini_array.*))
 *(.fini_array*)
 .fini_array    0x0800f9a4        0x4 C:/ProgramData/MATLAB/SupportPackages/R2025a/3P.instrset/gnuarm-armcortex.instrset/win/bin/../lib/gcc/arm-none-eabi/13.2.1/thumb/v7e-m+fp/hard/crtbegin.o
                [!provide]                        PROVIDE (__fini_array_end = .)
                0x0800f9a8                        . = ALIGN (0x4)
                0x0800f9a8                        _sidata = LOADADDR (.data)

.rel.dyn        0x0800f9a8        0x0
 .rel.iplt      0x0800f9a8        0x0 C:/ProgramData/MATLAB/SupportPackages/R2025a/3P.instrset/gnuarm-armcortex.instrset/win/bin/../lib/gcc/arm-none-eabi/13.2.1/thumb/v7e-m+fp/hard/crtbegin.o

.data           0x20000000       0xec load address 0x0800f9a8
                0x20000000                        . = ALIGN (0x4)
                0x20000000                        _sdata = .
 *(.data)
 *(.data*)
 .data.rtInf    0x20000000        0x8 rt_nonfinite.c.o
                0x20000000                rtInf
 .data.xcpExtmodeFinalSimulationTime
                0x20000008        0x8 xcp_ext_common.c.o
                0x20000008                xcpExtmodeFinalSimulationTime
 .data.xcpClassicTriggerDuration
                0x20000010        0x4 xcp_ext_classic_trigger.c.o
                0x20000010                xcpClassicTriggerDuration
 .data.xcpClassicTriggerArmRequest
                0x20000014        0x1 xcp_ext_classic_trigger.c.o
                0x20000014                xcpClassicTriggerArmRequest
 *fill*         0x20000015        0x3 
 .data.startStopDaqListId
                0x20000018        0x4 xcp_daq.c.o
 .data.xcpCurrentDaq
                0x2000001c        0x4 xcp_daq.c.o
 .data.xcpEventCustomMemoryManager
                0x20000020        0xc xcp_daq.c.o
 .data.xcpCtoReservedMemPoolId
                0x2000002c        0x4 xcp_transport.c.o
 .data.xcpMemMainBlockSizes
                0x20000030        0xc xcp_mem_default.c.o
 .data.xcpMemMainBlocksNumber
                0x2000003c        0xc xcp_mem_default.c.o
 .data.drvID    0x20000048        0x4 xcp_drv_rtiostream.c.o
 .data.xcpCtoReservedMemPoolId
                0x2000004c        0x4 xcp_frame_serial.c.o
 .data.uartObj  0x20000050       0x40 rtiostream_serial.c.o
                0x20000050                uartObj
 .data.uwTickPrio
                0x20000090        0x4 stm32g4xx_hal.c.o
                0x20000090                uwTickPrio
 .data.uwTickFreq
                0x20000094        0x4 stm32g4xx_hal.c.o
                0x20000094                uwTickFreq
 .data.SystemCoreClock
                0x20000098        0x4 system_stm32g4xx.c.o
                0x20000098                SystemCoreClock
 .data._impure_ptr
                0x2000009c        0x4 C:/ProgramData/MATLAB/SupportPackages/R2025a/3P.instrset/gnuarm-armcortex.instrset/win/bin/../lib/gcc/arm-none-eabi/13.2.1/thumb/v7e-m+fp/hard\libg_nano.a(libc_a-impure.o)
                0x2000009c                _impure_ptr
 .data._impure_data
                0x200000a0       0x4c C:/ProgramData/MATLAB/SupportPackages/R2025a/3P.instrset/gnuarm-armcortex.instrset/win/bin/../lib/gcc/arm-none-eabi/13.2.1/thumb/v7e-m+fp/hard\libg_nano.a(libc_a-impure.o)
                0x200000a0                _impure_data
 *(.RamFunc)
 *(.RamFunc*)
                0x200000ec                        . = ALIGN (0x4)
                0x200000ec                        _edata = .

.tm_clone_table
                0x200000ec        0x0 load address 0x0800fa94
 .tm_clone_table
                0x200000ec        0x0 C:/ProgramData/MATLAB/SupportPackages/R2025a/3P.instrset/gnuarm-armcortex.instrset/win/bin/../lib/gcc/arm-none-eabi/13.2.1/thumb/v7e-m+fp/hard/crtbegin.o
 .tm_clone_table
                0x200000ec        0x0 C:/ProgramData/MATLAB/SupportPackages/R2025a/3P.instrset/gnuarm-armcortex.instrset/win/bin/../lib/gcc/arm-none-eabi/13.2.1/thumb/v7e-m+fp/hard/crtend.o

.igot.plt       0x200000ec        0x0 load address 0x0800fa94
 .igot.plt      0x200000ec        0x0 C:/ProgramData/MATLAB/SupportPackages/R2025a/3P.instrset/gnuarm-armcortex.instrset/win/bin/../lib/gcc/arm-none-eabi/13.2.1/thumb/v7e-m+fp/hard/crtbegin.o
                0x200000ec                        . = ALIGN (0x4)

.bss            0x200000f0     0x15cc load address 0x0800fa94
                0x200000f0                        _sbss = .
                0x200000f0                        __bss_start__ = _sbss
 *(.bss)
 *(.bss*)
 .bss.completed.1
                0x200000f0        0x1 C:/ProgramData/MATLAB/SupportPackages/R2025a/3P.instrset/gnuarm-armcortex.instrset/win/bin/../lib/gcc/arm-none-eabi/13.2.1/thumb/v7e-m+fp/hard/crtbegin.o
 *fill*         0x200000f1        0x3 
 .bss.object.0  0x200000f4       0x18 C:/ProgramData/MATLAB/SupportPackages/R2025a/3P.instrset/gnuarm-armcortex.instrset/win/bin/../lib/gcc/arm-none-eabi/13.2.1/thumb/v7e-m+fp/hard/crtbegin.o
 .bss.xcpCustomTriggerFunction
                0x2000010c        0x8 xcp_ext_mode.c.o
 *fill*         0x20000114        0x4 
 .bss.Encoder_reader_simulink_B
                0x20000118       0x30 Encoder_reader_simulink.c.o
                0x20000118                Encoder_reader_simulink_B
 .bss.Encoder_reader_simulink_DW
                0x20000148       0xa0 Encoder_reader_simulink.c.o
                0x20000148                Encoder_reader_simulink_DW
 .bss.Encoder_reader_simulink_M_
                0x200001e8      0x160 Encoder_reader_simulink.c.o
 .bss.rt_ExtModeInfo.2
                0x20000348       0x14 Encoder_reader_simulink.c.o
 .bss.systemRan.1
                0x2000035c        0xc Encoder_reader_simulink.c.o
 .bss.IsrOverrun
                0x20000368        0x4 ert_main.c.o
                0x20000368                IsrOverrun
 .bss.OverrunFlag
                0x2000036c        0x1 ert_main.c.o
 .bss.stopRequested
                0x2000036d        0x1 ert_main.c.o
                0x2000036d                stopRequested
 .bss.runModel  0x2000036e        0x1 ert_main.c.o
                0x2000036e                runModel
 .bss.xcpModelStartRequest
                0x2000036f        0x1 xcp_ext_common.c.o
                0x2000036f                xcpModelStartRequest
 .bss.xcpModelStopRequest
                0x20000370        0x1 xcp_ext_common.c.o
                0x20000370                xcpModelStopRequest
 .bss.xcpModelStatus
                0x20000371        0x1 xcp_ext_common.c.o
                0x20000371                xcpModelStatus
 *fill*         0x20000372        0x2 
 .bss.xcpModelChecksum0
                0x20000374        0x4 xcp_ext_common.c.o
                0x20000374                xcpModelChecksum0
 .bss.xcpModelChecksum1
                0x20000378        0x4 xcp_ext_common.c.o
                0x20000378                xcpModelChecksum1
 .bss.xcpModelChecksum2
                0x2000037c        0x4 xcp_ext_common.c.o
                0x2000037c                xcpModelChecksum2
 .bss.xcpModelChecksum3
                0x20000380        0x4 xcp_ext_common.c.o
                0x20000380                xcpModelChecksum3
 .bss.xcpModelIntegerCode
                0x20000384        0x4 xcp_ext_common.c.o
                0x20000384                xcpModelIntegerCode
 .bss.xcpExtmodeSimulationComplete
                0x20000388        0x1 xcp_ext_common.c.o
                0x20000388                xcpExtmodeSimulationComplete
 *fill*         0x20000389        0x7 
 .bss.xcpDummyDoubleVariable
                0x20000390        0x8 xcp_ext_common.c.o
                0x20000390                xcpDummyDoubleVariable
 .bss.xcpDummyUint64Variable
                0x20000398        0x8 xcp_ext_common.c.o
                0x20000398                xcpDummyUint64Variable
 .bss.xcpCurrentSimulationTimeInMs
                0x200003a0        0x8 xcp_ext_common.c.o
                0x200003a0                xcpCurrentSimulationTimeInMs
 .bss.xcpBaseRateSimulationTime
                0x200003a8        0x8 xcp_ext_common.c.o
 .bss.xcpClassicTriggerEventId
                0x200003b0        0x2 xcp_ext_classic_trigger.c.o
                0x200003b0                xcpClassicTriggerEventId
 *fill*         0x200003b2        0x2 
 .bss.xcpClassicTriggerSignalAddress
                0x200003b4        0x4 xcp_ext_classic_trigger.c.o
                0x200003b4                xcpClassicTriggerSignalAddress
 .bss.xcpClassicTriggerSignalAddressExtension
                0x200003b8        0x1 xcp_ext_classic_trigger.c.o
                0x200003b8                xcpClassicTriggerSignalAddressExtension
 *fill*         0x200003b9        0x7 
 .bss.xcpClassicTriggerLevel
                0x200003c0        0x8 xcp_ext_classic_trigger.c.o
                0x200003c0                xcpClassicTriggerLevel
 .bss.xcpClassicTriggerHoldOff
                0x200003c8        0x4 xcp_ext_classic_trigger.c.o
                0x200003c8                xcpClassicTriggerHoldOff
 .bss.xcpClassicTriggerDelay
                0x200003cc        0x4 xcp_ext_classic_trigger.c.o
                0x200003cc                xcpClassicTriggerDelay
 .bss.xcpClassicTriggerDirection
                0x200003d0        0x1 xcp_ext_classic_trigger.c.o
                0x200003d0                xcpClassicTriggerDirection
 .bss.xcpClassicTriggerCancelRequest
                0x200003d1        0x1 xcp_ext_classic_trigger.c.o
                0x200003d1                xcpClassicTriggerCancelRequest
 .bss.xcpClassicTriggerSource
                0x200003d2        0x1 xcp_ext_classic_trigger.c.o
                0x200003d2                xcpClassicTriggerSource
 .bss.xcpClassicTriggerMode
                0x200003d3        0x1 xcp_ext_classic_trigger.c.o
                0x200003d3                xcpClassicTriggerMode
 .bss.xcpClassicTriggerStatus
                0x200003d4        0x1 xcp_ext_classic_trigger.c.o
                0x200003d4                xcpClassicTriggerStatus
 *fill*         0x200003d5        0x3 
 .bss.xcpOldSignalValue
                0x200003d8        0x8 xcp_ext_classic_trigger.c.o
 .bss.xcpOldSignalValueAvailable
                0x200003e0        0x1 xcp_ext_classic_trigger.c.o
 .bss.xcpOldClassicTriggerSource
                0x200003e1        0x1 xcp_ext_classic_trigger.c.o
 .bss.xcpTriggerEnabled
                0x200003e2        0x1 xcp_ext_classic_trigger.c.o
 .bss.xcpSignalTriggerFired
                0x200003e3        0x1 xcp_ext_classic_trigger.c.o
 .bss.xcpTriggerCount
                0x200003e4        0x4 xcp_ext_classic_trigger.c.o
 .bss.xcpForcedTriggerEnabled
                0x200003e8        0x1 xcp_ext_classic_trigger.c.o
 .bss.xcpForceTriggerEnableRequest
                0x200003e9        0x1 xcp_ext_classic_trigger.c.o
 .bss.initialized
                0x200003ea        0x1 xcp.c.o
 .bss.xcpStatus
                0x200003eb        0x1 xcp.c.o
 .bss.xcpSessionStatus
                0x200003ec        0x1 xcp.c.o
 .bss.xcpResourceProtectionStatus
                0x200003ed        0x1 xcp.c.o
 .bss.xcpSessionConfigurationId
                0x200003ee        0x2 xcp.c.o
 .bss.groupPacketLookup
                0x200003f0       0x10 xcp.c.o
 .bss.xcpMta    0x20000400        0x8 xcp_standard.c.o
 .bss.xcpUploadSize
                0x20000408        0x1 xcp_standard.c.o
 *fill*         0x20000409        0x3 
 .bss.packetLookup
                0x2000040c        0x4 xcp_standard.c.o
 .bss.xcpDynamicDaqLists
                0x20000410        0x8 xcp_daq.c.o
 .bss.xcpRunningEventCounter
                0x20000418        0x4 xcp_daq.c.o
 .bss.daqLock   0x2000041c        0x4 xcp_daq.c.o
 .bss.packetLookup
                0x20000420        0x4 xcp_daq.c.o
 .bss.packetLookup
                0x20000424        0x4 xcp_calibration.c.o
 .bss.txFifo    0x20000428       0x10 xcp_transport.c.o
 .bss.txLock    0x20000438        0x4 xcp_transport.c.o
 .bss.rxFifo    0x2000043c        0x8 xcp_transport.c.o
 .bss.rxLock    0x20000444        0x4 xcp_transport.c.o
 .bss.initialized
                0x20000448        0x1 xcp_transport.c.o
 *fill*         0x20000449        0x3 
 .bss.xcpMemPoolDescriptors
                0x2000044c       0xc0 xcp_mem_default.c.o
 .bss.xcpMemCustomPoolDescriptors
                0x2000050c        0x8 xcp_mem_default.c.o
 .bss.xcpMemMainChunk
                0x20000514      0x3c7 xcp_mem_default.c.o
 *fill*         0x200008db        0x1 
 .bss.xcpMemReservedPoolsChunk
                0x200008dc      0x751 xcp_mem_default.c.o
 *fill*         0x2000102d        0x3 
 .bss.xcpMemReservedPoolsChunkUsedBytes
                0x20001030        0x4 xcp_mem_default.c.o
 .bss.xcpMemLock
                0x20001034        0x4 xcp_mem_default.c.o
 .bss.forceBlocking
                0x20001038        0x1 xcp_drv_rtiostream.c.o
 *fill*         0x20001039        0x1 
 .bss.txCounter
                0x2000103a        0x2 xcp_frame_serial.c.o
 .bss.rxCounter
                0x2000103c        0x2 xcp_frame_serial.c.o
 *fill*         0x2000103e        0x2 
 .bss.firstRxCounterReceived
                0x20001040        0x4 xcp_frame_serial.c.o
 .bss.initialized
                0x20001044        0x1 xcp_frame_serial.c.o
 *fill*         0x20001045        0x3 
 .bss.timestampInitialized
                0x20001048        0x4 platform_timer.c.o
 .bss.timestampStartTime
                0x2000104c        0x4 platform_timer.c.o
 .bss.schdl_counter
                0x20001050        0x4 SysTickScheduler.c.o
                0x20001050                schdl_counter
 .bss.schdl_counter_max
                0x20001054        0x4 SysTickScheduler.c.o
                0x20001054                schdl_counter_max
 .bss.taskToSchedule
                0x20001058        0x4 m3m4m4f_multitasking.c.o
                0x20001058                taskToSchedule
 .bss.mw_ext_h  0x2000105c        0x4 rtiostream_serial.c.o
                0x2000105c                mw_ext_h
 .bss.UARTRxBuffer
                0x20001060        0x4 rtiostream_serial.c.o
                0x20001060                UARTRxBuffer
 .bss.mw_lpuart1
                0x20001064       0x40 stm_lpuart.c.o
                0x20001064                mw_lpuart1
 .bss.LPUART1ReceiveBuffer
                0x200010a4      0x400 stm_lpuart.c.o
                0x200010a4                LPUART1ReceiveBuffer
 .bss.htim2     0x200014a4       0x4c stm32g4xx_hal_timebase_tim.c.o
                0x200014a4                htim2
 .bss.uwTick    0x200014f0        0x4 stm32g4xx_hal.c.o
                0x200014f0                uwTick
 .bss.mw_tim3   0x200014f4       0x8c stm_timer_ll.c.o
                0x200014f4                mw_tim3
 .bss.firstIndexReceived.0
                0x20001580        0x1 stm_timer_ll.c.o
 *fill*         0x20001581        0x3 
 .bss.__sf      0x20001584      0x138 C:/ProgramData/MATLAB/SupportPackages/R2025a/3P.instrset/gnuarm-armcortex.instrset/win/bin/../lib/gcc/arm-none-eabi/13.2.1/thumb/v7e-m+fp/hard\libg_nano.a(libc_a-findfp.o)
                0x20001584                __sf
 *(COMMON)
                0x200016bc                        . = ALIGN (0x4)
                0x200016bc                        _ebss = .
                0x200016bc                        __bss_end__ = _ebss

._user_heap_stack
                0x200016bc      0x604 load address 0x0800fa94
                0x200016c0                        . = ALIGN (0x8)
 *fill*         0x200016bc        0x4 
                [!provide]                        PROVIDE (end = .)
                0x200016c0                        PROVIDE (_end = .)
                0x200018c0                        . = (. + _Min_Heap_Size)
 *fill*         0x200016c0      0x200 
                0x20001cc0                        . = (. + _Min_Stack_Size)
 *fill*         0x200018c0      0x400 
                0x20001cc0                        . = ALIGN (0x8)

/DISCARD/
 libc.a(*)
 libm.a(*)
 libgcc.a(*)

.ARM.attributes
                0x00000000       0x30
 *(.ARM.attributes)
 .ARM.attributes
                0x00000000       0x22 C:/ProgramData/MATLAB/SupportPackages/R2025a/3P.instrset/gnuarm-armcortex.instrset/win/bin/../lib/gcc/arm-none-eabi/13.2.1/thumb/v7e-m+fp/hard/crti.o
 .ARM.attributes
                0x00000022       0x34 C:/ProgramData/MATLAB/SupportPackages/R2025a/3P.instrset/gnuarm-armcortex.instrset/win/bin/../lib/gcc/arm-none-eabi/13.2.1/thumb/v7e-m+fp/hard/crtbegin.o
 .ARM.attributes
                0x00000056       0x34 xcp_ext_mode.c.o
 .ARM.attributes
                0x0000008a       0x34 Encoder_reader_simulink.c.o
 .ARM.attributes
                0x000000be       0x34 ert_main.c.o
 .ARM.attributes
                0x000000f2       0x34 rt_nonfinite.c.o
 .ARM.attributes
                0x00000126       0x34 xcp_ext_common.c.o
 .ARM.attributes
                0x0000015a       0x34 xcp_ext_classic_trigger.c.o
 .ARM.attributes
                0x0000018e       0x34 xcp.c.o
 .ARM.attributes
                0x000001c2       0x34 xcp_standard.c.o
 .ARM.attributes
                0x000001f6       0x34 xcp_daq.c.o
 .ARM.attributes
                0x0000022a       0x34 xcp_calibration.c.o
 .ARM.attributes
                0x0000025e       0x34 xcp_fifo.c.o
 .ARM.attributes
                0x00000292       0x34 xcp_transport.c.o
 .ARM.attributes
                0x000002c6       0x34 xcp_mem_default.c.o
 .ARM.attributes
                0x000002fa       0x34 xcp_drv_rtiostream.c.o
 .ARM.attributes
                0x0000032e       0x34 xcp_utils.c.o
 .ARM.attributes
                0x00000362       0x34 xcp_frame_serial.c.o
 .ARM.attributes
                0x00000396       0x34 xcp_ext_param_default_serial.c.o
 .ARM.attributes
                0x000003ca       0x34 overrideHALDelay.c.o
 .ARM.attributes
                0x000003fe       0x34 platform_timer.c.o
 .ARM.attributes
                0x00000432       0x34 SysTickScheduler.c.o
 .ARM.attributes
                0x00000466       0x34 m3m4m4f_multitasking.c.o
 .ARM.attributes
                0x0000049a       0x34 rtiostream_serial.c.o
 .ARM.attributes
                0x000004ce       0x34 stm_usart.c.o
 .ARM.attributes
                0x00000502       0x34 stm_lpuart.c.o
 .ARM.attributes
                0x00000536       0x34 sys_arch_arm.c.o
 .ARM.attributes
                0x0000056a       0x34 main.c.o
 .ARM.attributes
                0x0000059e       0x34 stm32g4xx_it.c.o
 .ARM.attributes
                0x000005d2       0x34 stm32g4xx_hal_msp.c.o
 .ARM.attributes
                0x00000606       0x34 stm32g4xx_hal_timebase_tim.c.o
 .ARM.attributes
                0x0000063a       0x34 stm32g4xx_ll_utils.c.o
 .ARM.attributes
                0x0000066e       0x34 stm32g4xx_hal_tim.c.o
 .ARM.attributes
                0x000006a2       0x34 stm32g4xx_hal_tim_ex.c.o
 .ARM.attributes
                0x000006d6       0x34 stm32g4xx_ll_gpio.c.o
 .ARM.attributes
                0x0000070a       0x34 stm32g4xx_ll_lpuart.c.o
 .ARM.attributes
                0x0000073e       0x34 stm32g4xx_ll_rcc.c.o
 .ARM.attributes
                0x00000772       0x34 stm32g4xx_hal.c.o
 .ARM.attributes
                0x000007a6       0x34 stm32g4xx_hal_rcc.c.o
 .ARM.attributes
                0x000007da       0x34 stm32g4xx_hal_pwr_ex.c.o
 .ARM.attributes
                0x0000080e       0x34 stm32g4xx_hal_cortex.c.o
 .ARM.attributes
                0x00000842       0x34 stm32g4xx_ll_tim.c.o
 .ARM.attributes
                0x00000876       0x34 system_stm32g4xx.c.o
 .ARM.attributes
                0x000008aa       0x21 startup_stm32g474retx.s.o
 .ARM.attributes
                0x000008cb       0x34 stm_timer_ll.c.o
 .ARM.attributes
                0x000008ff       0x34 C:/ProgramData/MATLAB/SupportPackages/R2025a/3P.instrset/gnuarm-armcortex.instrset/win/bin/../lib/gcc/arm-none-eabi/13.2.1/thumb/v7e-m+fp/hard\libm.a(libm_a-w_fmod.o)
 .ARM.attributes
                0x00000933       0x34 C:/ProgramData/MATLAB/SupportPackages/R2025a/3P.instrset/gnuarm-armcortex.instrset/win/bin/../lib/gcc/arm-none-eabi/13.2.1/thumb/v7e-m+fp/hard\libm.a(libm_a-e_fmod.o)
 .ARM.attributes